
> genesis-mis@1.0.0 start /home/apps/applications/gui-server/ysa-mis
> NODE_ENV=production node ./src/server.js

Genesis listening at http://:::8080

> genesis-mis@1.0.0 start /home/apps/applications/gui-server/ysa-mis
> NODE_ENV=production node ./src/server.js

Genesis listening at http://:::8080

> genesis-mis@1.0.0 start /home/apps/applications/gui-server/ysa-mis
> NODE_ENV=production node ./src/server.js

events.js:174
      throw er; // Unhandled 'error' event
      ^

Error: listen EADDRINUSE: address already in use :::8080
    at Server.setupListenHandle [as _listen2] (net.js:1280:14)
    at listenInCluster (net.js:1328:12)
    at Server.listen (net.js:1415:7)
    at Function.listen (/home/apps/applications/gui-server/ysa-mis/node_modules/express/lib/application.js:618:24)
    at Object.<anonymous> (/home/apps/applications/gui-server/ysa-mis/src/server.js:105:18)
    at Module._compile (internal/modules/cjs/loader.js:778:30)
    at Object.Module._extensions..js (internal/modules/cjs/loader.js:789:10)
    at Module.load (internal/modules/cjs/loader.js:653:32)
    at tryModuleLoad (internal/modules/cjs/loader.js:593:12)
    at Function.Module._load (internal/modules/cjs/loader.js:585:3)
Emitted 'error' event at:
    at emitErrorNT (net.js:1307:8)
    at process._tickCallback (internal/process/next_tick.js:63:19)
    at Function.Module.runMain (internal/modules/cjs/loader.js:834:11)
    at startup (internal/bootstrap/node.js:283:19)
    at bootstrapNodeJSCore (internal/bootstrap/node.js:623:3)
npm ERR! code ELIFECYCLE
npm ERR! errno 1
npm ERR! genesis-mis@1.0.0 start: `NODE_ENV=production node ./src/server.js`
npm ERR! Exit status 1
npm ERR! 
npm ERR! Failed at the genesis-mis@1.0.0 start script.
npm ERR! This is probably not a problem with npm. There is likely additional logging output above.

npm ERR! A complete log of this run can be found in:
npm ERR!     /home/apps/.npm/_logs/2021-03-31T07_46_40_119Z-debug.log

> genesis-mis@1.0.0 start /home/apps/applications/gui-server/ysa-mis
> NODE_ENV=production node ./src/server.js

Genesis listening at http://:::8080

> genesis-mis@1.0.0 start /home/apps/applications/gui-server/ysa-mis
> NODE_ENV=production node ./src/server.js

Genesis listening at http://:::8080

> genesis-mis@1.0.0 start /home/apps/applications/gui-server/ysa-mis
> NODE_ENV=production node ./src/server.js

Genesis listening at http://:::8080

> genesis-mis@1.0.0 start /home/apps/applications/gui-server/ysa-mis
> NODE_ENV=production node ./src/server.js

Genesis listening at http://:::8080

> genesis-mis@1.0.0 start /home/apps/applications/gui-server/ysa-mis
> NODE_ENV=production node ./src/server.js

events.js:174
      throw er; // Unhandled 'error' event
      ^

Error: listen EADDRINUSE: address already in use :::8080
    at Server.setupListenHandle [as _listen2] (net.js:1280:14)
    at listenInCluster (net.js:1328:12)
    at Server.listen (net.js:1415:7)
    at Function.listen (/home/apps/applications/gui-server/ysa-mis/node_modules/express/lib/application.js:618:24)
    at Object.<anonymous> (/home/apps/applications/gui-server/ysa-mis/src/server.js:105:18)
    at Module._compile (internal/modules/cjs/loader.js:778:30)
    at Object.Module._extensions..js (internal/modules/cjs/loader.js:789:10)
    at Module.load (internal/modules/cjs/loader.js:653:32)
    at tryModuleLoad (internal/modules/cjs/loader.js:593:12)
    at Function.Module._load (internal/modules/cjs/loader.js:585:3)
Emitted 'error' event at:
    at emitErrorNT (net.js:1307:8)
    at process._tickCallback (internal/process/next_tick.js:63:19)
    at Function.Module.runMain (internal/modules/cjs/loader.js:834:11)
    at startup (internal/bootstrap/node.js:283:19)
    at bootstrapNodeJSCore (internal/bootstrap/node.js:623:3)
npm ERR! code ELIFECYCLE
npm ERR! errno 1
npm ERR! genesis-mis@1.0.0 start: `NODE_ENV=production node ./src/server.js`
npm ERR! Exit status 1
npm ERR! 
npm ERR! Failed at the genesis-mis@1.0.0 start script.
npm ERR! This is probably not a problem with npm. There is likely additional logging output above.

npm ERR! A complete log of this run can be found in:
npm ERR!     /home/apps/.npm/_logs/2021-04-10T03_37_21_845Z-debug.log

> genesis-mis@1.0.0 start /home/apps/applications/gui-server/ysa-mis
> NODE_ENV=production node ./src/server.js

events.js:174
      throw er; // Unhandled 'error' event
      ^

Error: listen EADDRINUSE: address already in use :::8080
    at Server.setupListenHandle [as _listen2] (net.js:1280:14)
    at listenInCluster (net.js:1328:12)
    at Server.listen (net.js:1415:7)
    at Function.listen (/home/apps/applications/gui-server/ysa-mis/node_modules/express/lib/application.js:618:24)
    at Object.<anonymous> (/home/apps/applications/gui-server/ysa-mis/src/server.js:105:18)
    at Module._compile (internal/modules/cjs/loader.js:778:30)
    at Object.Module._extensions..js (internal/modules/cjs/loader.js:789:10)
    at Module.load (internal/modules/cjs/loader.js:653:32)
    at tryModuleLoad (internal/modules/cjs/loader.js:593:12)
    at Function.Module._load (internal/modules/cjs/loader.js:585:3)
Emitted 'error' event at:
    at emitErrorNT (net.js:1307:8)
    at process._tickCallback (internal/process/next_tick.js:63:19)
    at Function.Module.runMain (internal/modules/cjs/loader.js:834:11)
    at startup (internal/bootstrap/node.js:283:19)
    at bootstrapNodeJSCore (internal/bootstrap/node.js:623:3)
npm ERR! code ELIFECYCLE
npm ERR! errno 1
npm ERR! genesis-mis@1.0.0 start: `NODE_ENV=production node ./src/server.js`
npm ERR! Exit status 1
npm ERR! 
npm ERR! Failed at the genesis-mis@1.0.0 start script.
npm ERR! This is probably not a problem with npm. There is likely additional logging output above.

npm ERR! A complete log of this run can be found in:
npm ERR!     /home/apps/.npm/_logs/2021-04-12T03_07_15_229Z-debug.log

> genesis-mis@1.0.0 start /home/apps/applications/gui-server/ysa-mis
> NODE_ENV=production node ./src/server.js

events.js:174
      throw er; // Unhandled 'error' event
      ^

Error: listen EADDRINUSE: address already in use :::8080
    at Server.setupListenHandle [as _listen2] (net.js:1280:14)
    at listenInCluster (net.js:1328:12)
    at Server.listen (net.js:1415:7)
    at Function.listen (/home/apps/applications/gui-server/ysa-mis/node_modules/express/lib/application.js:618:24)
    at Object.<anonymous> (/home/apps/applications/gui-server/ysa-mis/src/server.js:105:18)
    at Module._compile (internal/modules/cjs/loader.js:778:30)
    at Object.Module._extensions..js (internal/modules/cjs/loader.js:789:10)
    at Module.load (internal/modules/cjs/loader.js:653:32)
    at tryModuleLoad (internal/modules/cjs/loader.js:593:12)
    at Function.Module._load (internal/modules/cjs/loader.js:585:3)
Emitted 'error' event at:
    at emitErrorNT (net.js:1307:8)
    at process._tickCallback (internal/process/next_tick.js:63:19)
    at Function.Module.runMain (internal/modules/cjs/loader.js:834:11)
    at startup (internal/bootstrap/node.js:283:19)
    at bootstrapNodeJSCore (internal/bootstrap/node.js:623:3)
npm ERR! code ELIFECYCLE
npm ERR! errno 1
npm ERR! genesis-mis@1.0.0 start: `NODE_ENV=production node ./src/server.js`
npm ERR! Exit status 1
npm ERR! 
npm ERR! Failed at the genesis-mis@1.0.0 start script.
npm ERR! This is probably not a problem with npm. There is likely additional logging output above.

npm ERR! A complete log of this run can be found in:
npm ERR!     /home/apps/.npm/_logs/2021-04-15T03_45_23_299Z-debug.log

> genesis-mis@1.0.0 start /home/apps/applications/gui-server/ysa-mis
> NODE_ENV=production node ./src/server.js

Genesis listening at http://:::8080

> genesis-mis@1.0.0 start /home/apps/applications/gui-server/ysa-mis
> NODE_ENV=production node ./src/server.js

Genesis listening at http://:::8080

> genesis-mis@1.0.0 start /home/apps/applications/gui-server/ysa-mis
> NODE_ENV=production node ./src/server.js

Genesis listening at http://:::8080

> genesis-mis@1.0.0 start /home/apps/applications/gui-server/ysa-mis
> NODE_ENV=production node ./src/server.js

Genesis listening at http://:::8080

> genesis-mis@1.0.0 start /home/apps/applications/gui-server/ysa-mis
> NODE_ENV=production node ./src/server.js

Genesis listening at http://:::8080
URIError: Failed to decode param '/%c0%ae%c0%ae/%c0%ae%c0%ae/%c0%ae%c0%ae/%c0%ae%c0%ae/%c0%ae%c0%ae/%c0%ae%c0%ae/%c0%ae%c0%ae/%c0%ae%c0%ae/%c0%ae%c0%ae/%c0%ae%c0%ae/%c0%ae%c0%ae/%c0%ae%c0%ae/boot.ini'
    at decodeURIComponent (<anonymous>)
    at decode_param (/home/apps/applications/gui-server/ysa-mis/node_modules/express/lib/router/layer.js:172:12)
    at Layer.match (/home/apps/applications/gui-server/ysa-mis/node_modules/express/lib/router/layer.js:123:27)
    at matchLayer (/home/apps/applications/gui-server/ysa-mis/node_modules/express/lib/router/index.js:574:18)
    at next (/home/apps/applications/gui-server/ysa-mis/node_modules/express/lib/router/index.js:220:15)
    at /home/apps/applications/gui-server/ysa-mis/src/server.js:23:3
    at Layer.handle [as handle_request] (/home/apps/applications/gui-server/ysa-mis/node_modules/express/lib/router/layer.js:95:5)
    at trim_prefix (/home/apps/applications/gui-server/ysa-mis/node_modules/express/lib/router/index.js:317:13)
    at /home/apps/applications/gui-server/ysa-mis/node_modules/express/lib/router/index.js:284:7
    at Function.process_params (/home/apps/applications/gui-server/ysa-mis/node_modules/express/lib/router/index.js:335:12)
URIError: Failed to decode param '/%c0%ae%c0%ae/%c0%ae%c0%ae/%c0%ae%c0%ae/%c0%ae%c0%ae/%c0%ae%c0%ae/%c0%ae%c0%ae/%c0%ae%c0%ae/%c0%ae%c0%ae/%c0%ae%c0%ae/%c0%ae%c0%ae/%c0%ae%c0%ae/%c0%ae%c0%ae/etc/passwd'
    at decodeURIComponent (<anonymous>)
    at decode_param (/home/apps/applications/gui-server/ysa-mis/node_modules/express/lib/router/layer.js:172:12)
    at Layer.match (/home/apps/applications/gui-server/ysa-mis/node_modules/express/lib/router/layer.js:123:27)
    at matchLayer (/home/apps/applications/gui-server/ysa-mis/node_modules/express/lib/router/index.js:574:18)
    at next (/home/apps/applications/gui-server/ysa-mis/node_modules/express/lib/router/index.js:220:15)
    at /home/apps/applications/gui-server/ysa-mis/src/server.js:23:3
    at Layer.handle [as handle_request] (/home/apps/applications/gui-server/ysa-mis/node_modules/express/lib/router/layer.js:95:5)
    at trim_prefix (/home/apps/applications/gui-server/ysa-mis/node_modules/express/lib/router/index.js:317:13)
    at /home/apps/applications/gui-server/ysa-mis/node_modules/express/lib/router/index.js:284:7
    at Function.process_params (/home/apps/applications/gui-server/ysa-mis/node_modules/express/lib/router/index.js:335:12)
URIError: Failed to decode param '/%e0%80%ae%e0%80%ae/%e0%80%ae%e0%80%ae/%e0%80%ae%e0%80%ae/%e0%80%ae%e0%80%ae/%e0%80%ae%e0%80%ae/%e0%80%ae%e0%80%ae/%e0%80%ae%e0%80%ae/%e0%80%ae%e0%80%ae/%e0%80%ae%e0%80%ae/%e0%80%ae%e0%80%ae/%e0%80%ae%e0%80%ae/%e0%80%ae%e0%80%ae/boot.ini'
    at decodeURIComponent (<anonymous>)
    at decode_param (/home/apps/applications/gui-server/ysa-mis/node_modules/express/lib/router/layer.js:172:12)
    at Layer.match (/home/apps/applications/gui-server/ysa-mis/node_modules/express/lib/router/layer.js:123:27)
    at matchLayer (/home/apps/applications/gui-server/ysa-mis/node_modules/express/lib/router/index.js:574:18)
    at next (/home/apps/applications/gui-server/ysa-mis/node_modules/express/lib/router/index.js:220:15)
    at /home/apps/applications/gui-server/ysa-mis/src/server.js:23:3
    at Layer.handle [as handle_request] (/home/apps/applications/gui-server/ysa-mis/node_modules/express/lib/router/layer.js:95:5)
    at trim_prefix (/home/apps/applications/gui-server/ysa-mis/node_modules/express/lib/router/index.js:317:13)
    at /home/apps/applications/gui-server/ysa-mis/node_modules/express/lib/router/index.js:284:7
    at Function.process_params (/home/apps/applications/gui-server/ysa-mis/node_modules/express/lib/router/index.js:335:12)
URIError: Failed to decode param '/%e0%80%ae%e0%80%ae/%e0%80%ae%e0%80%ae/%e0%80%ae%e0%80%ae/%e0%80%ae%e0%80%ae/%e0%80%ae%e0%80%ae/%e0%80%ae%e0%80%ae/%e0%80%ae%e0%80%ae/%e0%80%ae%e0%80%ae/%e0%80%ae%e0%80%ae/%e0%80%ae%e0%80%ae/%e0%80%ae%e0%80%ae/%e0%80%ae%e0%80%ae/etc/passwd'
    at decodeURIComponent (<anonymous>)
    at decode_param (/home/apps/applications/gui-server/ysa-mis/node_modules/express/lib/router/layer.js:172:12)
    at Layer.match (/home/apps/applications/gui-server/ysa-mis/node_modules/express/lib/router/layer.js:123:27)
    at matchLayer (/home/apps/applications/gui-server/ysa-mis/node_modules/express/lib/router/index.js:574:18)
    at next (/home/apps/applications/gui-server/ysa-mis/node_modules/express/lib/router/index.js:220:15)
    at /home/apps/applications/gui-server/ysa-mis/src/server.js:23:3
    at Layer.handle [as handle_request] (/home/apps/applications/gui-server/ysa-mis/node_modules/express/lib/router/layer.js:95:5)
    at trim_prefix (/home/apps/applications/gui-server/ysa-mis/node_modules/express/lib/router/index.js:317:13)
    at /home/apps/applications/gui-server/ysa-mis/node_modules/express/lib/router/index.js:284:7
    at Function.process_params (/home/apps/applications/gui-server/ysa-mis/node_modules/express/lib/router/index.js:335:12)
URIError: Failed to decode param '/%f0%80%80%ae%f0%80%80%ae/%f0%80%80%ae%f0%80%80%ae/%f0%80%80%ae%f0%80%80%ae/%f0%80%80%ae%f0%80%80%ae/%f0%80%80%ae%f0%80%80%ae/%f0%80%80%ae%f0%80%80%ae/%f0%80%80%ae%f0%80%80%ae/%f0%80%80%ae%f0%80%80%ae/%f0%80%80%ae%f0%80%80%ae/%f0%80%80%ae%f0%80%80%ae/%f0%80%80%ae%f0%80%80%ae/%f0%80%80%ae%f0%80%80%ae/boot.ini'
    at decodeURIComponent (<anonymous>)
    at decode_param (/home/apps/applications/gui-server/ysa-mis/node_modules/express/lib/router/layer.js:172:12)
    at Layer.match (/home/apps/applications/gui-server/ysa-mis/node_modules/express/lib/router/layer.js:123:27)
    at matchLayer (/home/apps/applications/gui-server/ysa-mis/node_modules/express/lib/router/index.js:574:18)
    at next (/home/apps/applications/gui-server/ysa-mis/node_modules/express/lib/router/index.js:220:15)
    at /home/apps/applications/gui-server/ysa-mis/src/server.js:23:3
    at Layer.handle [as handle_request] (/home/apps/applications/gui-server/ysa-mis/node_modules/express/lib/router/layer.js:95:5)
    at trim_prefix (/home/apps/applications/gui-server/ysa-mis/node_modules/express/lib/router/index.js:317:13)
    at /home/apps/applications/gui-server/ysa-mis/node_modules/express/lib/router/index.js:284:7
    at Function.process_params (/home/apps/applications/gui-server/ysa-mis/node_modules/express/lib/router/index.js:335:12)
URIError: Failed to decode param '/%f0%80%80%ae%f0%80%80%ae/%f0%80%80%ae%f0%80%80%ae/%f0%80%80%ae%f0%80%80%ae/%f0%80%80%ae%f0%80%80%ae/%f0%80%80%ae%f0%80%80%ae/%f0%80%80%ae%f0%80%80%ae/%f0%80%80%ae%f0%80%80%ae/%f0%80%80%ae%f0%80%80%ae/%f0%80%80%ae%f0%80%80%ae/%f0%80%80%ae%f0%80%80%ae/%f0%80%80%ae%f0%80%80%ae/%f0%80%80%ae%f0%80%80%ae/etc/passwd'
    at decodeURIComponent (<anonymous>)
    at decode_param (/home/apps/applications/gui-server/ysa-mis/node_modules/express/lib/router/layer.js:172:12)
    at Layer.match (/home/apps/applications/gui-server/ysa-mis/node_modules/express/lib/router/layer.js:123:27)
    at matchLayer (/home/apps/applications/gui-server/ysa-mis/node_modules/express/lib/router/index.js:574:18)
    at next (/home/apps/applications/gui-server/ysa-mis/node_modules/express/lib/router/index.js:220:15)
    at /home/apps/applications/gui-server/ysa-mis/src/server.js:23:3
    at Layer.handle [as handle_request] (/home/apps/applications/gui-server/ysa-mis/node_modules/express/lib/router/layer.js:95:5)
    at trim_prefix (/home/apps/applications/gui-server/ysa-mis/node_modules/express/lib/router/index.js:317:13)
    at /home/apps/applications/gui-server/ysa-mis/node_modules/express/lib/router/index.js:284:7
    at Function.process_params (/home/apps/applications/gui-server/ysa-mis/node_modules/express/lib/router/index.js:335:12)
URIError: Failed to decode param '/%f8%80%80%80%ae%f8%80%80%80%ae/%f8%80%80%80%ae%f8%80%80%80%ae/%f8%80%80%80%ae%f8%80%80%80%ae/%f8%80%80%80%ae%f8%80%80%80%ae/%f8%80%80%80%ae%f8%80%80%80%ae/%f8%80%80%80%ae%f8%80%80%80%ae/%f8%80%80%80%ae%f8%80%80%80%ae/%f8%80%80%80%ae%f8%80%80%80%ae/%f8%80%80%80%ae%f8%80%80%80%ae/%f8%80%80%80%ae%f8%80%80%80%ae/%f8%80%80%80%ae%f8%80%80%80%ae/%f8%80%80%80%ae%f8%80%80%80%ae/boot.ini'
    at decodeURIComponent (<anonymous>)
    at decode_param (/home/apps/applications/gui-server/ysa-mis/node_modules/express/lib/router/layer.js:172:12)
    at Layer.match (/home/apps/applications/gui-server/ysa-mis/node_modules/express/lib/router/layer.js:123:27)
    at matchLayer (/home/apps/applications/gui-server/ysa-mis/node_modules/express/lib/router/index.js:574:18)
    at next (/home/apps/applications/gui-server/ysa-mis/node_modules/express/lib/router/index.js:220:15)
    at /home/apps/applications/gui-server/ysa-mis/src/server.js:23:3
    at Layer.handle [as handle_request] (/home/apps/applications/gui-server/ysa-mis/node_modules/express/lib/router/layer.js:95:5)
    at trim_prefix (/home/apps/applications/gui-server/ysa-mis/node_modules/express/lib/router/index.js:317:13)
    at /home/apps/applications/gui-server/ysa-mis/node_modules/express/lib/router/index.js:284:7
    at Function.process_params (/home/apps/applications/gui-server/ysa-mis/node_modules/express/lib/router/index.js:335:12)
URIError: Failed to decode param '/%f8%80%80%80%ae%f8%80%80%80%ae/%f8%80%80%80%ae%f8%80%80%80%ae/%f8%80%80%80%ae%f8%80%80%80%ae/%f8%80%80%80%ae%f8%80%80%80%ae/%f8%80%80%80%ae%f8%80%80%80%ae/%f8%80%80%80%ae%f8%80%80%80%ae/%f8%80%80%80%ae%f8%80%80%80%ae/%f8%80%80%80%ae%f8%80%80%80%ae/%f8%80%80%80%ae%f8%80%80%80%ae/%f8%80%80%80%ae%f8%80%80%80%ae/%f8%80%80%80%ae%f8%80%80%80%ae/%f8%80%80%80%ae%f8%80%80%80%ae/etc/passwd'
    at decodeURIComponent (<anonymous>)
    at decode_param (/home/apps/applications/gui-server/ysa-mis/node_modules/express/lib/router/layer.js:172:12)
    at Layer.match (/home/apps/applications/gui-server/ysa-mis/node_modules/express/lib/router/layer.js:123:27)
    at matchLayer (/home/apps/applications/gui-server/ysa-mis/node_modules/express/lib/router/index.js:574:18)
    at next (/home/apps/applications/gui-server/ysa-mis/node_modules/express/lib/router/index.js:220:15)
    at /home/apps/applications/gui-server/ysa-mis/src/server.js:23:3
    at Layer.handle [as handle_request] (/home/apps/applications/gui-server/ysa-mis/node_modules/express/lib/router/layer.js:95:5)
    at trim_prefix (/home/apps/applications/gui-server/ysa-mis/node_modules/express/lib/router/index.js:317:13)
    at /home/apps/applications/gui-server/ysa-mis/node_modules/express/lib/router/index.js:284:7
    at Function.process_params (/home/apps/applications/gui-server/ysa-mis/node_modules/express/lib/router/index.js:335:12)
URIError: Failed to decode param '/%c0%ae%c0%ae/%c0%ae%c0%ae/%c0%ae%c0%ae/%c0%ae%c0%ae/%c0%ae%c0%ae/%c0%ae%c0%ae/%c0%ae%c0%ae/%c0%ae%c0%ae/%c0%ae%c0%ae/%c0%ae%c0%ae/%c0%ae%c0%ae/%c0%ae%c0%ae/boot.ini'
    at decodeURIComponent (<anonymous>)
    at decode_param (/home/apps/applications/gui-server/ysa-mis/node_modules/express/lib/router/layer.js:172:12)
    at Layer.match (/home/apps/applications/gui-server/ysa-mis/node_modules/express/lib/router/layer.js:123:27)
    at matchLayer (/home/apps/applications/gui-server/ysa-mis/node_modules/express/lib/router/index.js:574:18)
    at next (/home/apps/applications/gui-server/ysa-mis/node_modules/express/lib/router/index.js:220:15)
    at /home/apps/applications/gui-server/ysa-mis/src/server.js:23:3
    at Layer.handle [as handle_request] (/home/apps/applications/gui-server/ysa-mis/node_modules/express/lib/router/layer.js:95:5)
    at trim_prefix (/home/apps/applications/gui-server/ysa-mis/node_modules/express/lib/router/index.js:317:13)
    at /home/apps/applications/gui-server/ysa-mis/node_modules/express/lib/router/index.js:284:7
    at Function.process_params (/home/apps/applications/gui-server/ysa-mis/node_modules/express/lib/router/index.js:335:12)
URIError: Failed to decode param '/%c0%ae%c0%ae/%c0%ae%c0%ae/%c0%ae%c0%ae/%c0%ae%c0%ae/%c0%ae%c0%ae/%c0%ae%c0%ae/%c0%ae%c0%ae/%c0%ae%c0%ae/%c0%ae%c0%ae/%c0%ae%c0%ae/%c0%ae%c0%ae/%c0%ae%c0%ae/etc/passwd'
    at decodeURIComponent (<anonymous>)
    at decode_param (/home/apps/applications/gui-server/ysa-mis/node_modules/express/lib/router/layer.js:172:12)
    at Layer.match (/home/apps/applications/gui-server/ysa-mis/node_modules/express/lib/router/layer.js:123:27)
    at matchLayer (/home/apps/applications/gui-server/ysa-mis/node_modules/express/lib/router/index.js:574:18)
    at next (/home/apps/applications/gui-server/ysa-mis/node_modules/express/lib/router/index.js:220:15)
    at /home/apps/applications/gui-server/ysa-mis/src/server.js:23:3
    at Layer.handle [as handle_request] (/home/apps/applications/gui-server/ysa-mis/node_modules/express/lib/router/layer.js:95:5)
    at trim_prefix (/home/apps/applications/gui-server/ysa-mis/node_modules/express/lib/router/index.js:317:13)
    at /home/apps/applications/gui-server/ysa-mis/node_modules/express/lib/router/index.js:284:7
    at Function.process_params (/home/apps/applications/gui-server/ysa-mis/node_modules/express/lib/router/index.js:335:12)
URIError: Failed to decode param '/%e0%80%ae%e0%80%ae/%e0%80%ae%e0%80%ae/%e0%80%ae%e0%80%ae/%e0%80%ae%e0%80%ae/%e0%80%ae%e0%80%ae/%e0%80%ae%e0%80%ae/%e0%80%ae%e0%80%ae/%e0%80%ae%e0%80%ae/%e0%80%ae%e0%80%ae/%e0%80%ae%e0%80%ae/%e0%80%ae%e0%80%ae/%e0%80%ae%e0%80%ae/boot.ini'
    at decodeURIComponent (<anonymous>)
    at decode_param (/home/apps/applications/gui-server/ysa-mis/node_modules/express/lib/router/layer.js:172:12)
    at Layer.match (/home/apps/applications/gui-server/ysa-mis/node_modules/express/lib/router/layer.js:123:27)
    at matchLayer (/home/apps/applications/gui-server/ysa-mis/node_modules/express/lib/router/index.js:574:18)
    at next (/home/apps/applications/gui-server/ysa-mis/node_modules/express/lib/router/index.js:220:15)
    at /home/apps/applications/gui-server/ysa-mis/src/server.js:23:3
    at Layer.handle [as handle_request] (/home/apps/applications/gui-server/ysa-mis/node_modules/express/lib/router/layer.js:95:5)
    at trim_prefix (/home/apps/applications/gui-server/ysa-mis/node_modules/express/lib/router/index.js:317:13)
    at /home/apps/applications/gui-server/ysa-mis/node_modules/express/lib/router/index.js:284:7
    at Function.process_params (/home/apps/applications/gui-server/ysa-mis/node_modules/express/lib/router/index.js:335:12)
URIError: Failed to decode param '/%e0%80%ae%e0%80%ae/%e0%80%ae%e0%80%ae/%e0%80%ae%e0%80%ae/%e0%80%ae%e0%80%ae/%e0%80%ae%e0%80%ae/%e0%80%ae%e0%80%ae/%e0%80%ae%e0%80%ae/%e0%80%ae%e0%80%ae/%e0%80%ae%e0%80%ae/%e0%80%ae%e0%80%ae/%e0%80%ae%e0%80%ae/%e0%80%ae%e0%80%ae/etc/passwd'
    at decodeURIComponent (<anonymous>)
    at decode_param (/home/apps/applications/gui-server/ysa-mis/node_modules/express/lib/router/layer.js:172:12)
    at Layer.match (/home/apps/applications/gui-server/ysa-mis/node_modules/express/lib/router/layer.js:123:27)
    at matchLayer (/home/apps/applications/gui-server/ysa-mis/node_modules/express/lib/router/index.js:574:18)
    at next (/home/apps/applications/gui-server/ysa-mis/node_modules/express/lib/router/index.js:220:15)
    at /home/apps/applications/gui-server/ysa-mis/src/server.js:23:3
    at Layer.handle [as handle_request] (/home/apps/applications/gui-server/ysa-mis/node_modules/express/lib/router/layer.js:95:5)
    at trim_prefix (/home/apps/applications/gui-server/ysa-mis/node_modules/express/lib/router/index.js:317:13)
    at /home/apps/applications/gui-server/ysa-mis/node_modules/express/lib/router/index.js:284:7
    at Function.process_params (/home/apps/applications/gui-server/ysa-mis/node_modules/express/lib/router/index.js:335:12)
URIError: Failed to decode param '/%f0%80%80%ae%f0%80%80%ae/%f0%80%80%ae%f0%80%80%ae/%f0%80%80%ae%f0%80%80%ae/%f0%80%80%ae%f0%80%80%ae/%f0%80%80%ae%f0%80%80%ae/%f0%80%80%ae%f0%80%80%ae/%f0%80%80%ae%f0%80%80%ae/%f0%80%80%ae%f0%80%80%ae/%f0%80%80%ae%f0%80%80%ae/%f0%80%80%ae%f0%80%80%ae/%f0%80%80%ae%f0%80%80%ae/%f0%80%80%ae%f0%80%80%ae/boot.ini'
    at decodeURIComponent (<anonymous>)
    at decode_param (/home/apps/applications/gui-server/ysa-mis/node_modules/express/lib/router/layer.js:172:12)
    at Layer.match (/home/apps/applications/gui-server/ysa-mis/node_modules/express/lib/router/layer.js:123:27)
    at matchLayer (/home/apps/applications/gui-server/ysa-mis/node_modules/express/lib/router/index.js:574:18)
    at next (/home/apps/applications/gui-server/ysa-mis/node_modules/express/lib/router/index.js:220:15)
    at /home/apps/applications/gui-server/ysa-mis/src/server.js:23:3
    at Layer.handle [as handle_request] (/home/apps/applications/gui-server/ysa-mis/node_modules/express/lib/router/layer.js:95:5)
    at trim_prefix (/home/apps/applications/gui-server/ysa-mis/node_modules/express/lib/router/index.js:317:13)
    at /home/apps/applications/gui-server/ysa-mis/node_modules/express/lib/router/index.js:284:7
    at Function.process_params (/home/apps/applications/gui-server/ysa-mis/node_modules/express/lib/router/index.js:335:12)
URIError: Failed to decode param '/%f0%80%80%ae%f0%80%80%ae/%f0%80%80%ae%f0%80%80%ae/%f0%80%80%ae%f0%80%80%ae/%f0%80%80%ae%f0%80%80%ae/%f0%80%80%ae%f0%80%80%ae/%f0%80%80%ae%f0%80%80%ae/%f0%80%80%ae%f0%80%80%ae/%f0%80%80%ae%f0%80%80%ae/%f0%80%80%ae%f0%80%80%ae/%f0%80%80%ae%f0%80%80%ae/%f0%80%80%ae%f0%80%80%ae/%f0%80%80%ae%f0%80%80%ae/etc/passwd'
    at decodeURIComponent (<anonymous>)
    at decode_param (/home/apps/applications/gui-server/ysa-mis/node_modules/express/lib/router/layer.js:172:12)
    at Layer.match (/home/apps/applications/gui-server/ysa-mis/node_modules/express/lib/router/layer.js:123:27)
    at matchLayer (/home/apps/applications/gui-server/ysa-mis/node_modules/express/lib/router/index.js:574:18)
    at next (/home/apps/applications/gui-server/ysa-mis/node_modules/express/lib/router/index.js:220:15)
    at /home/apps/applications/gui-server/ysa-mis/src/server.js:23:3
    at Layer.handle [as handle_request] (/home/apps/applications/gui-server/ysa-mis/node_modules/express/lib/router/layer.js:95:5)
    at trim_prefix (/home/apps/applications/gui-server/ysa-mis/node_modules/express/lib/router/index.js:317:13)
    at /home/apps/applications/gui-server/ysa-mis/node_modules/express/lib/router/index.js:284:7
    at Function.process_params (/home/apps/applications/gui-server/ysa-mis/node_modules/express/lib/router/index.js:335:12)
URIError: Failed to decode param '/%f8%80%80%80%ae%f8%80%80%80%ae/%f8%80%80%80%ae%f8%80%80%80%ae/%f8%80%80%80%ae%f8%80%80%80%ae/%f8%80%80%80%ae%f8%80%80%80%ae/%f8%80%80%80%ae%f8%80%80%80%ae/%f8%80%80%80%ae%f8%80%80%80%ae/%f8%80%80%80%ae%f8%80%80%80%ae/%f8%80%80%80%ae%f8%80%80%80%ae/%f8%80%80%80%ae%f8%80%80%80%ae/%f8%80%80%80%ae%f8%80%80%80%ae/%f8%80%80%80%ae%f8%80%80%80%ae/%f8%80%80%80%ae%f8%80%80%80%ae/boot.ini'
    at decodeURIComponent (<anonymous>)
    at decode_param (/home/apps/applications/gui-server/ysa-mis/node_modules/express/lib/router/layer.js:172:12)
    at Layer.match (/home/apps/applications/gui-server/ysa-mis/node_modules/express/lib/router/layer.js:123:27)
    at matchLayer (/home/apps/applications/gui-server/ysa-mis/node_modules/express/lib/router/index.js:574:18)
    at next (/home/apps/applications/gui-server/ysa-mis/node_modules/express/lib/router/index.js:220:15)
    at /home/apps/applications/gui-server/ysa-mis/src/server.js:23:3
    at Layer.handle [as handle_request] (/home/apps/applications/gui-server/ysa-mis/node_modules/express/lib/router/layer.js:95:5)
    at trim_prefix (/home/apps/applications/gui-server/ysa-mis/node_modules/express/lib/router/index.js:317:13)
    at /home/apps/applications/gui-server/ysa-mis/node_modules/express/lib/router/index.js:284:7
    at Function.process_params (/home/apps/applications/gui-server/ysa-mis/node_modules/express/lib/router/index.js:335:12)
URIError: Failed to decode param '/%f8%80%80%80%ae%f8%80%80%80%ae/%f8%80%80%80%ae%f8%80%80%80%ae/%f8%80%80%80%ae%f8%80%80%80%ae/%f8%80%80%80%ae%f8%80%80%80%ae/%f8%80%80%80%ae%f8%80%80%80%ae/%f8%80%80%80%ae%f8%80%80%80%ae/%f8%80%80%80%ae%f8%80%80%80%ae/%f8%80%80%80%ae%f8%80%80%80%ae/%f8%80%80%80%ae%f8%80%80%80%ae/%f8%80%80%80%ae%f8%80%80%80%ae/%f8%80%80%80%ae%f8%80%80%80%ae/%f8%80%80%80%ae%f8%80%80%80%ae/etc/passwd'
    at decodeURIComponent (<anonymous>)
    at decode_param (/home/apps/applications/gui-server/ysa-mis/node_modules/express/lib/router/layer.js:172:12)
    at Layer.match (/home/apps/applications/gui-server/ysa-mis/node_modules/express/lib/router/layer.js:123:27)
    at matchLayer (/home/apps/applications/gui-server/ysa-mis/node_modules/express/lib/router/index.js:574:18)
    at next (/home/apps/applications/gui-server/ysa-mis/node_modules/express/lib/router/index.js:220:15)
    at /home/apps/applications/gui-server/ysa-mis/src/server.js:23:3
    at Layer.handle [as handle_request] (/home/apps/applications/gui-server/ysa-mis/node_modules/express/lib/router/layer.js:95:5)
    at trim_prefix (/home/apps/applications/gui-server/ysa-mis/node_modules/express/lib/router/index.js:317:13)
    at /home/apps/applications/gui-server/ysa-mis/node_modules/express/lib/router/index.js:284:7
    at Function.process_params (/home/apps/applications/gui-server/ysa-mis/node_modules/express/lib/router/index.js:335:12)
URIError: Failed to decode param '/%db<script>alert(539043);</script>/'
    at decodeURIComponent (<anonymous>)
    at decode_param (/home/apps/applications/gui-server/ysa-mis/node_modules/express/lib/router/layer.js:172:12)
    at Layer.match (/home/apps/applications/gui-server/ysa-mis/node_modules/express/lib/router/layer.js:123:27)
    at matchLayer (/home/apps/applications/gui-server/ysa-mis/node_modules/express/lib/router/index.js:574:18)
    at next (/home/apps/applications/gui-server/ysa-mis/node_modules/express/lib/router/index.js:220:15)
    at /home/apps/applications/gui-server/ysa-mis/src/server.js:23:3
    at Layer.handle [as handle_request] (/home/apps/applications/gui-server/ysa-mis/node_modules/express/lib/router/layer.js:95:5)
    at trim_prefix (/home/apps/applications/gui-server/ysa-mis/node_modules/express/lib/router/index.js:317:13)
    at /home/apps/applications/gui-server/ysa-mis/node_modules/express/lib/router/index.js:284:7
    at Function.process_params (/home/apps/applications/gui-server/ysa-mis/node_modules/express/lib/router/index.js:335:12)
URIError: Failed to decode param '/theme/com/sun%c0%af..%c0%af..%c0%af..%c0%af..%c0%af..%c0%af..%c0%af..%c0%af..%c0%af..%c0%af..%c0%af..%c0%af..%c0%afwindows/win.ini'
    at decodeURIComponent (<anonymous>)
    at decode_param (/home/apps/applications/gui-server/ysa-mis/node_modules/express/lib/router/layer.js:172:12)
    at Layer.match (/home/apps/applications/gui-server/ysa-mis/node_modules/express/lib/router/layer.js:123:27)
    at matchLayer (/home/apps/applications/gui-server/ysa-mis/node_modules/express/lib/router/index.js:574:18)
    at next (/home/apps/applications/gui-server/ysa-mis/node_modules/express/lib/router/index.js:220:15)
    at /home/apps/applications/gui-server/ysa-mis/src/server.js:23:3
    at Layer.handle [as handle_request] (/home/apps/applications/gui-server/ysa-mis/node_modules/express/lib/router/layer.js:95:5)
    at trim_prefix (/home/apps/applications/gui-server/ysa-mis/node_modules/express/lib/router/index.js:317:13)
    at /home/apps/applications/gui-server/ysa-mis/node_modules/express/lib/router/index.js:284:7
    at Function.process_params (/home/apps/applications/gui-server/ysa-mis/node_modules/express/lib/router/index.js:335:12)
URIError: Failed to decode param '/theme/META-INF%c0%af..%c0%af..%c0%af..%c0%af..%c0%af..%c0%af..%c0%af..%c0%af..%c0%af..%c0%af..%c0%af..%c0%af..%c0%afwindows/win.ini'
    at decodeURIComponent (<anonymous>)
    at decode_param (/home/apps/applications/gui-server/ysa-mis/node_modules/express/lib/router/layer.js:172:12)
    at Layer.match (/home/apps/applications/gui-server/ysa-mis/node_modules/express/lib/router/layer.js:123:27)
    at matchLayer (/home/apps/applications/gui-server/ysa-mis/node_modules/express/lib/router/index.js:574:18)
    at next (/home/apps/applications/gui-server/ysa-mis/node_modules/express/lib/router/index.js:220:15)
    at /home/apps/applications/gui-server/ysa-mis/src/server.js:23:3
    at Layer.handle [as handle_request] (/home/apps/applications/gui-server/ysa-mis/node_modules/express/lib/router/layer.js:95:5)
    at trim_prefix (/home/apps/applications/gui-server/ysa-mis/node_modules/express/lib/router/index.js:317:13)
    at /home/apps/applications/gui-server/ysa-mis/node_modules/express/lib/router/index.js:284:7
    at Function.process_params (/home/apps/applications/gui-server/ysa-mis/node_modules/express/lib/router/index.js:335:12)
URIError: Failed to decode param '/theme/META-INF/dojo%c0%af..%c0%af..%c0%af..%c0%af..%c0%af..%c0%af..%c0%af..%c0%af..%c0%af..%c0%af..%c0%af..%c0%af..%c0%afwindows/win.ini'
    at decodeURIComponent (<anonymous>)
    at decode_param (/home/apps/applications/gui-server/ysa-mis/node_modules/express/lib/router/layer.js:172:12)
    at Layer.match (/home/apps/applications/gui-server/ysa-mis/node_modules/express/lib/router/layer.js:123:27)
    at matchLayer (/home/apps/applications/gui-server/ysa-mis/node_modules/express/lib/router/index.js:574:18)
    at next (/home/apps/applications/gui-server/ysa-mis/node_modules/express/lib/router/index.js:220:15)
    at /home/apps/applications/gui-server/ysa-mis/src/server.js:23:3
    at Layer.handle [as handle_request] (/home/apps/applications/gui-server/ysa-mis/node_modules/express/lib/router/layer.js:95:5)
    at trim_prefix (/home/apps/applications/gui-server/ysa-mis/node_modules/express/lib/router/index.js:317:13)
    at /home/apps/applications/gui-server/ysa-mis/node_modules/express/lib/router/index.js:284:7
    at Function.process_params (/home/apps/applications/gui-server/ysa-mis/node_modules/express/lib/router/index.js:335:12)
URIError: Failed to decode param '/theme/META-INF/json%c0%af..%c0%af..%c0%af..%c0%af..%c0%af..%c0%af..%c0%af..%c0%af..%c0%af..%c0%af..%c0%af..%c0%af..%c0%afwindows/win.ini'
    at decodeURIComponent (<anonymous>)
    at decode_param (/home/apps/applications/gui-server/ysa-mis/node_modules/express/lib/router/layer.js:172:12)
    at Layer.match (/home/apps/applications/gui-server/ysa-mis/node_modules/express/lib/router/layer.js:123:27)
    at matchLayer (/home/apps/applications/gui-server/ysa-mis/node_modules/express/lib/router/index.js:574:18)
    at next (/home/apps/applications/gui-server/ysa-mis/node_modules/express/lib/router/index.js:220:15)
    at /home/apps/applications/gui-server/ysa-mis/src/server.js:23:3
    at Layer.handle [as handle_request] (/home/apps/applications/gui-server/ysa-mis/node_modules/express/lib/router/layer.js:95:5)
    at trim_prefix (/home/apps/applications/gui-server/ysa-mis/node_modules/express/lib/router/index.js:317:13)
    at /home/apps/applications/gui-server/ysa-mis/node_modules/express/lib/router/index.js:284:7
    at Function.process_params (/home/apps/applications/gui-server/ysa-mis/node_modules/express/lib/router/index.js:335:12)
URIError: Failed to decode param '/theme/META-INF/prototype%c0%af..%c0%af..%c0%af..%c0%af..%c0%af..%c0%af..%c0%af..%c0%af..%c0%af..%c0%af..%c0%af..%c0%af..%c0%afwindows/win.ini'
    at decodeURIComponent (<anonymous>)
    at decode_param (/home/apps/applications/gui-server/ysa-mis/node_modules/express/lib/router/layer.js:172:12)
    at Layer.match (/home/apps/applications/gui-server/ysa-mis/node_modules/express/lib/router/layer.js:123:27)
    at matchLayer (/home/apps/applications/gui-server/ysa-mis/node_modules/express/lib/router/index.js:574:18)
    at next (/home/apps/applications/gui-server/ysa-mis/node_modules/express/lib/router/index.js:220:15)
    at /home/apps/applications/gui-server/ysa-mis/src/server.js:23:3
    at Layer.handle [as handle_request] (/home/apps/applications/gui-server/ysa-mis/node_modules/express/lib/router/layer.js:95:5)
    at trim_prefix (/home/apps/applications/gui-server/ysa-mis/node_modules/express/lib/router/index.js:317:13)
    at /home/apps/applications/gui-server/ysa-mis/node_modules/express/lib/router/index.js:284:7
    at Function.process_params (/home/apps/applications/gui-server/ysa-mis/node_modules/express/lib/router/index.js:335:12)
URIError: Failed to decode param '/login/%c0%ae%c0%ae/%c0%ae%c0%ae/%c0%ae%c0%ae/%c0%ae%c0%ae/%c0%ae%c0%ae/%c0%ae%c0%ae/%c0%ae%c0%ae/%c0%ae%c0%ae/%c0%ae%c0%ae/%c0%ae%c0%ae/%c0%ae%c0%ae/%c0%ae%c0%ae/boot.ini'
    at decodeURIComponent (<anonymous>)
    at decode_param (/home/apps/applications/gui-server/ysa-mis/node_modules/express/lib/router/layer.js:172:12)
    at Layer.match (/home/apps/applications/gui-server/ysa-mis/node_modules/express/lib/router/layer.js:123:27)
    at matchLayer (/home/apps/applications/gui-server/ysa-mis/node_modules/express/lib/router/index.js:574:18)
    at next (/home/apps/applications/gui-server/ysa-mis/node_modules/express/lib/router/index.js:220:15)
    at /home/apps/applications/gui-server/ysa-mis/src/server.js:23:3
    at Layer.handle [as handle_request] (/home/apps/applications/gui-server/ysa-mis/node_modules/express/lib/router/layer.js:95:5)
    at trim_prefix (/home/apps/applications/gui-server/ysa-mis/node_modules/express/lib/router/index.js:317:13)
    at /home/apps/applications/gui-server/ysa-mis/node_modules/express/lib/router/index.js:284:7
    at Function.process_params (/home/apps/applications/gui-server/ysa-mis/node_modules/express/lib/router/index.js:335:12)
URIError: Failed to decode param '/login/%c0%ae%c0%ae/%c0%ae%c0%ae/%c0%ae%c0%ae/%c0%ae%c0%ae/%c0%ae%c0%ae/%c0%ae%c0%ae/%c0%ae%c0%ae/%c0%ae%c0%ae/%c0%ae%c0%ae/%c0%ae%c0%ae/%c0%ae%c0%ae/%c0%ae%c0%ae/etc/passwd'
    at decodeURIComponent (<anonymous>)
    at decode_param (/home/apps/applications/gui-server/ysa-mis/node_modules/express/lib/router/layer.js:172:12)
    at Layer.match (/home/apps/applications/gui-server/ysa-mis/node_modules/express/lib/router/layer.js:123:27)
    at matchLayer (/home/apps/applications/gui-server/ysa-mis/node_modules/express/lib/router/index.js:574:18)
    at next (/home/apps/applications/gui-server/ysa-mis/node_modules/express/lib/router/index.js:220:15)
    at /home/apps/applications/gui-server/ysa-mis/src/server.js:23:3
    at Layer.handle [as handle_request] (/home/apps/applications/gui-server/ysa-mis/node_modules/express/lib/router/layer.js:95:5)
    at trim_prefix (/home/apps/applications/gui-server/ysa-mis/node_modules/express/lib/router/index.js:317:13)
    at /home/apps/applications/gui-server/ysa-mis/node_modules/express/lib/router/index.js:284:7
    at Function.process_params (/home/apps/applications/gui-server/ysa-mis/node_modules/express/lib/router/index.js:335:12)
URIError: Failed to decode param '/login/%e0%80%ae%e0%80%ae/%e0%80%ae%e0%80%ae/%e0%80%ae%e0%80%ae/%e0%80%ae%e0%80%ae/%e0%80%ae%e0%80%ae/%e0%80%ae%e0%80%ae/%e0%80%ae%e0%80%ae/%e0%80%ae%e0%80%ae/%e0%80%ae%e0%80%ae/%e0%80%ae%e0%80%ae/%e0%80%ae%e0%80%ae/%e0%80%ae%e0%80%ae/boot.ini'
    at decodeURIComponent (<anonymous>)
    at decode_param (/home/apps/applications/gui-server/ysa-mis/node_modules/express/lib/router/layer.js:172:12)
    at Layer.match (/home/apps/applications/gui-server/ysa-mis/node_modules/express/lib/router/layer.js:123:27)
    at matchLayer (/home/apps/applications/gui-server/ysa-mis/node_modules/express/lib/router/index.js:574:18)
    at next (/home/apps/applications/gui-server/ysa-mis/node_modules/express/lib/router/index.js:220:15)
    at /home/apps/applications/gui-server/ysa-mis/src/server.js:23:3
    at Layer.handle [as handle_request] (/home/apps/applications/gui-server/ysa-mis/node_modules/express/lib/router/layer.js:95:5)
    at trim_prefix (/home/apps/applications/gui-server/ysa-mis/node_modules/express/lib/router/index.js:317:13)
    at /home/apps/applications/gui-server/ysa-mis/node_modules/express/lib/router/index.js:284:7
    at Function.process_params (/home/apps/applications/gui-server/ysa-mis/node_modules/express/lib/router/index.js:335:12)
URIError: Failed to decode param '/login/%e0%80%ae%e0%80%ae/%e0%80%ae%e0%80%ae/%e0%80%ae%e0%80%ae/%e0%80%ae%e0%80%ae/%e0%80%ae%e0%80%ae/%e0%80%ae%e0%80%ae/%e0%80%ae%e0%80%ae/%e0%80%ae%e0%80%ae/%e0%80%ae%e0%80%ae/%e0%80%ae%e0%80%ae/%e0%80%ae%e0%80%ae/%e0%80%ae%e0%80%ae/etc/passwd'
    at decodeURIComponent (<anonymous>)
    at decode_param (/home/apps/applications/gui-server/ysa-mis/node_modules/express/lib/router/layer.js:172:12)
    at Layer.match (/home/apps/applications/gui-server/ysa-mis/node_modules/express/lib/router/layer.js:123:27)
    at matchLayer (/home/apps/applications/gui-server/ysa-mis/node_modules/express/lib/router/index.js:574:18)
    at next (/home/apps/applications/gui-server/ysa-mis/node_modules/express/lib/router/index.js:220:15)
    at /home/apps/applications/gui-server/ysa-mis/src/server.js:23:3
    at Layer.handle [as handle_request] (/home/apps/applications/gui-server/ysa-mis/node_modules/express/lib/router/layer.js:95:5)
    at trim_prefix (/home/apps/applications/gui-server/ysa-mis/node_modules/express/lib/router/index.js:317:13)
    at /home/apps/applications/gui-server/ysa-mis/node_modules/express/lib/router/index.js:284:7
    at Function.process_params (/home/apps/applications/gui-server/ysa-mis/node_modules/express/lib/router/index.js:335:12)
URIError: Failed to decode param '/login/%f0%80%80%ae%f0%80%80%ae/%f0%80%80%ae%f0%80%80%ae/%f0%80%80%ae%f0%80%80%ae/%f0%80%80%ae%f0%80%80%ae/%f0%80%80%ae%f0%80%80%ae/%f0%80%80%ae%f0%80%80%ae/%f0%80%80%ae%f0%80%80%ae/%f0%80%80%ae%f0%80%80%ae/%f0%80%80%ae%f0%80%80%ae/%f0%80%80%ae%f0%80%80%ae/%f0%80%80%ae%f0%80%80%ae/%f0%80%80%ae%f0%80%80%ae/boot.ini'
    at decodeURIComponent (<anonymous>)
    at decode_param (/home/apps/applications/gui-server/ysa-mis/node_modules/express/lib/router/layer.js:172:12)
    at Layer.match (/home/apps/applications/gui-server/ysa-mis/node_modules/express/lib/router/layer.js:123:27)
    at matchLayer (/home/apps/applications/gui-server/ysa-mis/node_modules/express/lib/router/index.js:574:18)
    at next (/home/apps/applications/gui-server/ysa-mis/node_modules/express/lib/router/index.js:220:15)
    at /home/apps/applications/gui-server/ysa-mis/src/server.js:23:3
    at Layer.handle [as handle_request] (/home/apps/applications/gui-server/ysa-mis/node_modules/express/lib/router/layer.js:95:5)
    at trim_prefix (/home/apps/applications/gui-server/ysa-mis/node_modules/express/lib/router/index.js:317:13)
    at /home/apps/applications/gui-server/ysa-mis/node_modules/express/lib/router/index.js:284:7
    at Function.process_params (/home/apps/applications/gui-server/ysa-mis/node_modules/express/lib/router/index.js:335:12)
URIError: Failed to decode param '/login/%f0%80%80%ae%f0%80%80%ae/%f0%80%80%ae%f0%80%80%ae/%f0%80%80%ae%f0%80%80%ae/%f0%80%80%ae%f0%80%80%ae/%f0%80%80%ae%f0%80%80%ae/%f0%80%80%ae%f0%80%80%ae/%f0%80%80%ae%f0%80%80%ae/%f0%80%80%ae%f0%80%80%ae/%f0%80%80%ae%f0%80%80%ae/%f0%80%80%ae%f0%80%80%ae/%f0%80%80%ae%f0%80%80%ae/%f0%80%80%ae%f0%80%80%ae/etc/passwd'
    at decodeURIComponent (<anonymous>)
    at decode_param (/home/apps/applications/gui-server/ysa-mis/node_modules/express/lib/router/layer.js:172:12)
    at Layer.match (/home/apps/applications/gui-server/ysa-mis/node_modules/express/lib/router/layer.js:123:27)
    at matchLayer (/home/apps/applications/gui-server/ysa-mis/node_modules/express/lib/router/index.js:574:18)
    at next (/home/apps/applications/gui-server/ysa-mis/node_modules/express/lib/router/index.js:220:15)
    at /home/apps/applications/gui-server/ysa-mis/src/server.js:23:3
    at Layer.handle [as handle_request] (/home/apps/applications/gui-server/ysa-mis/node_modules/express/lib/router/layer.js:95:5)
    at trim_prefix (/home/apps/applications/gui-server/ysa-mis/node_modules/express/lib/router/index.js:317:13)
    at /home/apps/applications/gui-server/ysa-mis/node_modules/express/lib/router/index.js:284:7
    at Function.process_params (/home/apps/applications/gui-server/ysa-mis/node_modules/express/lib/router/index.js:335:12)
URIError: Failed to decode param '/login/%f8%80%80%80%ae%f8%80%80%80%ae/%f8%80%80%80%ae%f8%80%80%80%ae/%f8%80%80%80%ae%f8%80%80%80%ae/%f8%80%80%80%ae%f8%80%80%80%ae/%f8%80%80%80%ae%f8%80%80%80%ae/%f8%80%80%80%ae%f8%80%80%80%ae/%f8%80%80%80%ae%f8%80%80%80%ae/%f8%80%80%80%ae%f8%80%80%80%ae/%f8%80%80%80%ae%f8%80%80%80%ae/%f8%80%80%80%ae%f8%80%80%80%ae/%f8%80%80%80%ae%f8%80%80%80%ae/%f8%80%80%80%ae%f8%80%80%80%ae/boot.ini'
    at decodeURIComponent (<anonymous>)
    at decode_param (/home/apps/applications/gui-server/ysa-mis/node_modules/express/lib/router/layer.js:172:12)
    at Layer.match (/home/apps/applications/gui-server/ysa-mis/node_modules/express/lib/router/layer.js:123:27)
    at matchLayer (/home/apps/applications/gui-server/ysa-mis/node_modules/express/lib/router/index.js:574:18)
    at next (/home/apps/applications/gui-server/ysa-mis/node_modules/express/lib/router/index.js:220:15)
    at /home/apps/applications/gui-server/ysa-mis/src/server.js:23:3
    at Layer.handle [as handle_request] (/home/apps/applications/gui-server/ysa-mis/node_modules/express/lib/router/layer.js:95:5)
    at trim_prefix (/home/apps/applications/gui-server/ysa-mis/node_modules/express/lib/router/index.js:317:13)
    at /home/apps/applications/gui-server/ysa-mis/node_modules/express/lib/router/index.js:284:7
    at Function.process_params (/home/apps/applications/gui-server/ysa-mis/node_modules/express/lib/router/index.js:335:12)
URIError: Failed to decode param '/login/%f8%80%80%80%ae%f8%80%80%80%ae/%f8%80%80%80%ae%f8%80%80%80%ae/%f8%80%80%80%ae%f8%80%80%80%ae/%f8%80%80%80%ae%f8%80%80%80%ae/%f8%80%80%80%ae%f8%80%80%80%ae/%f8%80%80%80%ae%f8%80%80%80%ae/%f8%80%80%80%ae%f8%80%80%80%ae/%f8%80%80%80%ae%f8%80%80%80%ae/%f8%80%80%80%ae%f8%80%80%80%ae/%f8%80%80%80%ae%f8%80%80%80%ae/%f8%80%80%80%ae%f8%80%80%80%ae/%f8%80%80%80%ae%f8%80%80%80%ae/etc/passwd'
    at decodeURIComponent (<anonymous>)
    at decode_param (/home/apps/applications/gui-server/ysa-mis/node_modules/express/lib/router/layer.js:172:12)
    at Layer.match (/home/apps/applications/gui-server/ysa-mis/node_modules/express/lib/router/layer.js:123:27)
    at matchLayer (/home/apps/applications/gui-server/ysa-mis/node_modules/express/lib/router/index.js:574:18)
    at next (/home/apps/applications/gui-server/ysa-mis/node_modules/express/lib/router/index.js:220:15)
    at /home/apps/applications/gui-server/ysa-mis/src/server.js:23:3
    at Layer.handle [as handle_request] (/home/apps/applications/gui-server/ysa-mis/node_modules/express/lib/router/layer.js:95:5)
    at trim_prefix (/home/apps/applications/gui-server/ysa-mis/node_modules/express/lib/router/index.js:317:13)
    at /home/apps/applications/gui-server/ysa-mis/node_modules/express/lib/router/index.js:284:7
    at Function.process_params (/home/apps/applications/gui-server/ysa-mis/node_modules/express/lib/router/index.js:335:12)
URIError: Failed to decode param '/login/%c0%ae%c0%ae/%c0%ae%c0%ae/%c0%ae%c0%ae/%c0%ae%c0%ae/%c0%ae%c0%ae/%c0%ae%c0%ae/%c0%ae%c0%ae/%c0%ae%c0%ae/%c0%ae%c0%ae/%c0%ae%c0%ae/%c0%ae%c0%ae/%c0%ae%c0%ae/boot.ini'
    at decodeURIComponent (<anonymous>)
    at decode_param (/home/apps/applications/gui-server/ysa-mis/node_modules/express/lib/router/layer.js:172:12)
    at Layer.match (/home/apps/applications/gui-server/ysa-mis/node_modules/express/lib/router/layer.js:123:27)
    at matchLayer (/home/apps/applications/gui-server/ysa-mis/node_modules/express/lib/router/index.js:574:18)
    at next (/home/apps/applications/gui-server/ysa-mis/node_modules/express/lib/router/index.js:220:15)
    at /home/apps/applications/gui-server/ysa-mis/src/server.js:23:3
    at Layer.handle [as handle_request] (/home/apps/applications/gui-server/ysa-mis/node_modules/express/lib/router/layer.js:95:5)
    at trim_prefix (/home/apps/applications/gui-server/ysa-mis/node_modules/express/lib/router/index.js:317:13)
    at /home/apps/applications/gui-server/ysa-mis/node_modules/express/lib/router/index.js:284:7
    at Function.process_params (/home/apps/applications/gui-server/ysa-mis/node_modules/express/lib/router/index.js:335:12)
URIError: Failed to decode param '/login/%c0%ae%c0%ae/%c0%ae%c0%ae/%c0%ae%c0%ae/%c0%ae%c0%ae/%c0%ae%c0%ae/%c0%ae%c0%ae/%c0%ae%c0%ae/%c0%ae%c0%ae/%c0%ae%c0%ae/%c0%ae%c0%ae/%c0%ae%c0%ae/%c0%ae%c0%ae/etc/passwd'
    at decodeURIComponent (<anonymous>)
    at decode_param (/home/apps/applications/gui-server/ysa-mis/node_modules/express/lib/router/layer.js:172:12)
    at Layer.match (/home/apps/applications/gui-server/ysa-mis/node_modules/express/lib/router/layer.js:123:27)
    at matchLayer (/home/apps/applications/gui-server/ysa-mis/node_modules/express/lib/router/index.js:574:18)
    at next (/home/apps/applications/gui-server/ysa-mis/node_modules/express/lib/router/index.js:220:15)
    at /home/apps/applications/gui-server/ysa-mis/src/server.js:23:3
    at Layer.handle [as handle_request] (/home/apps/applications/gui-server/ysa-mis/node_modules/express/lib/router/layer.js:95:5)
    at trim_prefix (/home/apps/applications/gui-server/ysa-mis/node_modules/express/lib/router/index.js:317:13)
    at /home/apps/applications/gui-server/ysa-mis/node_modules/express/lib/router/index.js:284:7
    at Function.process_params (/home/apps/applications/gui-server/ysa-mis/node_modules/express/lib/router/index.js:335:12)
URIError: Failed to decode param '/login/%e0%80%ae%e0%80%ae/%e0%80%ae%e0%80%ae/%e0%80%ae%e0%80%ae/%e0%80%ae%e0%80%ae/%e0%80%ae%e0%80%ae/%e0%80%ae%e0%80%ae/%e0%80%ae%e0%80%ae/%e0%80%ae%e0%80%ae/%e0%80%ae%e0%80%ae/%e0%80%ae%e0%80%ae/%e0%80%ae%e0%80%ae/%e0%80%ae%e0%80%ae/boot.ini'
    at decodeURIComponent (<anonymous>)
    at decode_param (/home/apps/applications/gui-server/ysa-mis/node_modules/express/lib/router/layer.js:172:12)
    at Layer.match (/home/apps/applications/gui-server/ysa-mis/node_modules/express/lib/router/layer.js:123:27)
    at matchLayer (/home/apps/applications/gui-server/ysa-mis/node_modules/express/lib/router/index.js:574:18)
    at next (/home/apps/applications/gui-server/ysa-mis/node_modules/express/lib/router/index.js:220:15)
    at /home/apps/applications/gui-server/ysa-mis/src/server.js:23:3
    at Layer.handle [as handle_request] (/home/apps/applications/gui-server/ysa-mis/node_modules/express/lib/router/layer.js:95:5)
    at trim_prefix (/home/apps/applications/gui-server/ysa-mis/node_modules/express/lib/router/index.js:317:13)
    at /home/apps/applications/gui-server/ysa-mis/node_modules/express/lib/router/index.js:284:7
    at Function.process_params (/home/apps/applications/gui-server/ysa-mis/node_modules/express/lib/router/index.js:335:12)
URIError: Failed to decode param '/login/%e0%80%ae%e0%80%ae/%e0%80%ae%e0%80%ae/%e0%80%ae%e0%80%ae/%e0%80%ae%e0%80%ae/%e0%80%ae%e0%80%ae/%e0%80%ae%e0%80%ae/%e0%80%ae%e0%80%ae/%e0%80%ae%e0%80%ae/%e0%80%ae%e0%80%ae/%e0%80%ae%e0%80%ae/%e0%80%ae%e0%80%ae/%e0%80%ae%e0%80%ae/etc/passwd'
    at decodeURIComponent (<anonymous>)
    at decode_param (/home/apps/applications/gui-server/ysa-mis/node_modules/express/lib/router/layer.js:172:12)
    at Layer.match (/home/apps/applications/gui-server/ysa-mis/node_modules/express/lib/router/layer.js:123:27)
    at matchLayer (/home/apps/applications/gui-server/ysa-mis/node_modules/express/lib/router/index.js:574:18)
    at next (/home/apps/applications/gui-server/ysa-mis/node_modules/express/lib/router/index.js:220:15)
    at /home/apps/applications/gui-server/ysa-mis/src/server.js:23:3
    at Layer.handle [as handle_request] (/home/apps/applications/gui-server/ysa-mis/node_modules/express/lib/router/layer.js:95:5)
    at trim_prefix (/home/apps/applications/gui-server/ysa-mis/node_modules/express/lib/router/index.js:317:13)
    at /home/apps/applications/gui-server/ysa-mis/node_modules/express/lib/router/index.js:284:7
    at Function.process_params (/home/apps/applications/gui-server/ysa-mis/node_modules/express/lib/router/index.js:335:12)
URIError: Failed to decode param '/login/%f0%80%80%ae%f0%80%80%ae/%f0%80%80%ae%f0%80%80%ae/%f0%80%80%ae%f0%80%80%ae/%f0%80%80%ae%f0%80%80%ae/%f0%80%80%ae%f0%80%80%ae/%f0%80%80%ae%f0%80%80%ae/%f0%80%80%ae%f0%80%80%ae/%f0%80%80%ae%f0%80%80%ae/%f0%80%80%ae%f0%80%80%ae/%f0%80%80%ae%f0%80%80%ae/%f0%80%80%ae%f0%80%80%ae/%f0%80%80%ae%f0%80%80%ae/boot.ini'
    at decodeURIComponent (<anonymous>)
    at decode_param (/home/apps/applications/gui-server/ysa-mis/node_modules/express/lib/router/layer.js:172:12)
    at Layer.match (/home/apps/applications/gui-server/ysa-mis/node_modules/express/lib/router/layer.js:123:27)
    at matchLayer (/home/apps/applications/gui-server/ysa-mis/node_modules/express/lib/router/index.js:574:18)
    at next (/home/apps/applications/gui-server/ysa-mis/node_modules/express/lib/router/index.js:220:15)
    at /home/apps/applications/gui-server/ysa-mis/src/server.js:23:3
    at Layer.handle [as handle_request] (/home/apps/applications/gui-server/ysa-mis/node_modules/express/lib/router/layer.js:95:5)
    at trim_prefix (/home/apps/applications/gui-server/ysa-mis/node_modules/express/lib/router/index.js:317:13)
    at /home/apps/applications/gui-server/ysa-mis/node_modules/express/lib/router/index.js:284:7
    at Function.process_params (/home/apps/applications/gui-server/ysa-mis/node_modules/express/lib/router/index.js:335:12)
URIError: Failed to decode param '/login/%f0%80%80%ae%f0%80%80%ae/%f0%80%80%ae%f0%80%80%ae/%f0%80%80%ae%f0%80%80%ae/%f0%80%80%ae%f0%80%80%ae/%f0%80%80%ae%f0%80%80%ae/%f0%80%80%ae%f0%80%80%ae/%f0%80%80%ae%f0%80%80%ae/%f0%80%80%ae%f0%80%80%ae/%f0%80%80%ae%f0%80%80%ae/%f0%80%80%ae%f0%80%80%ae/%f0%80%80%ae%f0%80%80%ae/%f0%80%80%ae%f0%80%80%ae/etc/passwd'
    at decodeURIComponent (<anonymous>)
    at decode_param (/home/apps/applications/gui-server/ysa-mis/node_modules/express/lib/router/layer.js:172:12)
    at Layer.match (/home/apps/applications/gui-server/ysa-mis/node_modules/express/lib/router/layer.js:123:27)
    at matchLayer (/home/apps/applications/gui-server/ysa-mis/node_modules/express/lib/router/index.js:574:18)
    at next (/home/apps/applications/gui-server/ysa-mis/node_modules/express/lib/router/index.js:220:15)
    at /home/apps/applications/gui-server/ysa-mis/src/server.js:23:3
    at Layer.handle [as handle_request] (/home/apps/applications/gui-server/ysa-mis/node_modules/express/lib/router/layer.js:95:5)
    at trim_prefix (/home/apps/applications/gui-server/ysa-mis/node_modules/express/lib/router/index.js:317:13)
    at /home/apps/applications/gui-server/ysa-mis/node_modules/express/lib/router/index.js:284:7
    at Function.process_params (/home/apps/applications/gui-server/ysa-mis/node_modules/express/lib/router/index.js:335:12)
URIError: Failed to decode param '/login/%f8%80%80%80%ae%f8%80%80%80%ae/%f8%80%80%80%ae%f8%80%80%80%ae/%f8%80%80%80%ae%f8%80%80%80%ae/%f8%80%80%80%ae%f8%80%80%80%ae/%f8%80%80%80%ae%f8%80%80%80%ae/%f8%80%80%80%ae%f8%80%80%80%ae/%f8%80%80%80%ae%f8%80%80%80%ae/%f8%80%80%80%ae%f8%80%80%80%ae/%f8%80%80%80%ae%f8%80%80%80%ae/%f8%80%80%80%ae%f8%80%80%80%ae/%f8%80%80%80%ae%f8%80%80%80%ae/%f8%80%80%80%ae%f8%80%80%80%ae/boot.ini'
    at decodeURIComponent (<anonymous>)
    at decode_param (/home/apps/applications/gui-server/ysa-mis/node_modules/express/lib/router/layer.js:172:12)
    at Layer.match (/home/apps/applications/gui-server/ysa-mis/node_modules/express/lib/router/layer.js:123:27)
    at matchLayer (/home/apps/applications/gui-server/ysa-mis/node_modules/express/lib/router/index.js:574:18)
    at next (/home/apps/applications/gui-server/ysa-mis/node_modules/express/lib/router/index.js:220:15)
    at /home/apps/applications/gui-server/ysa-mis/src/server.js:23:3
    at Layer.handle [as handle_request] (/home/apps/applications/gui-server/ysa-mis/node_modules/express/lib/router/layer.js:95:5)
    at trim_prefix (/home/apps/applications/gui-server/ysa-mis/node_modules/express/lib/router/index.js:317:13)
    at /home/apps/applications/gui-server/ysa-mis/node_modules/express/lib/router/index.js:284:7
    at Function.process_params (/home/apps/applications/gui-server/ysa-mis/node_modules/express/lib/router/index.js:335:12)
URIError: Failed to decode param '/login/%f8%80%80%80%ae%f8%80%80%80%ae/%f8%80%80%80%ae%f8%80%80%80%ae/%f8%80%80%80%ae%f8%80%80%80%ae/%f8%80%80%80%ae%f8%80%80%80%ae/%f8%80%80%80%ae%f8%80%80%80%ae/%f8%80%80%80%ae%f8%80%80%80%ae/%f8%80%80%80%ae%f8%80%80%80%ae/%f8%80%80%80%ae%f8%80%80%80%ae/%f8%80%80%80%ae%f8%80%80%80%ae/%f8%80%80%80%ae%f8%80%80%80%ae/%f8%80%80%80%ae%f8%80%80%80%ae/%f8%80%80%80%ae%f8%80%80%80%ae/etc/passwd'
    at decodeURIComponent (<anonymous>)
    at decode_param (/home/apps/applications/gui-server/ysa-mis/node_modules/express/lib/router/layer.js:172:12)
    at Layer.match (/home/apps/applications/gui-server/ysa-mis/node_modules/express/lib/router/layer.js:123:27)
    at matchLayer (/home/apps/applications/gui-server/ysa-mis/node_modules/express/lib/router/index.js:574:18)
    at next (/home/apps/applications/gui-server/ysa-mis/node_modules/express/lib/router/index.js:220:15)
    at /home/apps/applications/gui-server/ysa-mis/src/server.js:23:3
    at Layer.handle [as handle_request] (/home/apps/applications/gui-server/ysa-mis/node_modules/express/lib/router/layer.js:95:5)
    at trim_prefix (/home/apps/applications/gui-server/ysa-mis/node_modules/express/lib/router/index.js:317:13)
    at /home/apps/applications/gui-server/ysa-mis/node_modules/express/lib/router/index.js:284:7
    at Function.process_params (/home/apps/applications/gui-server/ysa-mis/node_modules/express/lib/router/index.js:335:12)
URIError: Failed to decode param '/css/%c0%ae%c0%ae/%c0%ae%c0%ae/%c0%ae%c0%ae/%c0%ae%c0%ae/%c0%ae%c0%ae/%c0%ae%c0%ae/%c0%ae%c0%ae/%c0%ae%c0%ae/%c0%ae%c0%ae/%c0%ae%c0%ae/%c0%ae%c0%ae/%c0%ae%c0%ae/boot.ini'
    at decodeURIComponent (<anonymous>)
    at decode_param (/home/apps/applications/gui-server/ysa-mis/node_modules/express/lib/router/layer.js:172:12)
    at Layer.match (/home/apps/applications/gui-server/ysa-mis/node_modules/express/lib/router/layer.js:123:27)
    at matchLayer (/home/apps/applications/gui-server/ysa-mis/node_modules/express/lib/router/index.js:574:18)
    at next (/home/apps/applications/gui-server/ysa-mis/node_modules/express/lib/router/index.js:220:15)
    at /home/apps/applications/gui-server/ysa-mis/src/server.js:23:3
    at Layer.handle [as handle_request] (/home/apps/applications/gui-server/ysa-mis/node_modules/express/lib/router/layer.js:95:5)
    at trim_prefix (/home/apps/applications/gui-server/ysa-mis/node_modules/express/lib/router/index.js:317:13)
    at /home/apps/applications/gui-server/ysa-mis/node_modules/express/lib/router/index.js:284:7
    at Function.process_params (/home/apps/applications/gui-server/ysa-mis/node_modules/express/lib/router/index.js:335:12)
URIError: Failed to decode param '/css/%c0%ae%c0%ae/%c0%ae%c0%ae/%c0%ae%c0%ae/%c0%ae%c0%ae/%c0%ae%c0%ae/%c0%ae%c0%ae/%c0%ae%c0%ae/%c0%ae%c0%ae/%c0%ae%c0%ae/%c0%ae%c0%ae/%c0%ae%c0%ae/%c0%ae%c0%ae/etc/passwd'
    at decodeURIComponent (<anonymous>)
    at decode_param (/home/apps/applications/gui-server/ysa-mis/node_modules/express/lib/router/layer.js:172:12)
    at Layer.match (/home/apps/applications/gui-server/ysa-mis/node_modules/express/lib/router/layer.js:123:27)
    at matchLayer (/home/apps/applications/gui-server/ysa-mis/node_modules/express/lib/router/index.js:574:18)
    at next (/home/apps/applications/gui-server/ysa-mis/node_modules/express/lib/router/index.js:220:15)
    at /home/apps/applications/gui-server/ysa-mis/src/server.js:23:3
    at Layer.handle [as handle_request] (/home/apps/applications/gui-server/ysa-mis/node_modules/express/lib/router/layer.js:95:5)
    at trim_prefix (/home/apps/applications/gui-server/ysa-mis/node_modules/express/lib/router/index.js:317:13)
    at /home/apps/applications/gui-server/ysa-mis/node_modules/express/lib/router/index.js:284:7
    at Function.process_params (/home/apps/applications/gui-server/ysa-mis/node_modules/express/lib/router/index.js:335:12)
URIError: Failed to decode param '/css/%e0%80%ae%e0%80%ae/%e0%80%ae%e0%80%ae/%e0%80%ae%e0%80%ae/%e0%80%ae%e0%80%ae/%e0%80%ae%e0%80%ae/%e0%80%ae%e0%80%ae/%e0%80%ae%e0%80%ae/%e0%80%ae%e0%80%ae/%e0%80%ae%e0%80%ae/%e0%80%ae%e0%80%ae/%e0%80%ae%e0%80%ae/%e0%80%ae%e0%80%ae/boot.ini'
    at decodeURIComponent (<anonymous>)
    at decode_param (/home/apps/applications/gui-server/ysa-mis/node_modules/express/lib/router/layer.js:172:12)
    at Layer.match (/home/apps/applications/gui-server/ysa-mis/node_modules/express/lib/router/layer.js:123:27)
    at matchLayer (/home/apps/applications/gui-server/ysa-mis/node_modules/express/lib/router/index.js:574:18)
    at next (/home/apps/applications/gui-server/ysa-mis/node_modules/express/lib/router/index.js:220:15)
    at /home/apps/applications/gui-server/ysa-mis/src/server.js:23:3
    at Layer.handle [as handle_request] (/home/apps/applications/gui-server/ysa-mis/node_modules/express/lib/router/layer.js:95:5)
    at trim_prefix (/home/apps/applications/gui-server/ysa-mis/node_modules/express/lib/router/index.js:317:13)
    at /home/apps/applications/gui-server/ysa-mis/node_modules/express/lib/router/index.js:284:7
    at Function.process_params (/home/apps/applications/gui-server/ysa-mis/node_modules/express/lib/router/index.js:335:12)
URIError: Failed to decode param '/css/%e0%80%ae%e0%80%ae/%e0%80%ae%e0%80%ae/%e0%80%ae%e0%80%ae/%e0%80%ae%e0%80%ae/%e0%80%ae%e0%80%ae/%e0%80%ae%e0%80%ae/%e0%80%ae%e0%80%ae/%e0%80%ae%e0%80%ae/%e0%80%ae%e0%80%ae/%e0%80%ae%e0%80%ae/%e0%80%ae%e0%80%ae/%e0%80%ae%e0%80%ae/etc/passwd'
    at decodeURIComponent (<anonymous>)
    at decode_param (/home/apps/applications/gui-server/ysa-mis/node_modules/express/lib/router/layer.js:172:12)
    at Layer.match (/home/apps/applications/gui-server/ysa-mis/node_modules/express/lib/router/layer.js:123:27)
    at matchLayer (/home/apps/applications/gui-server/ysa-mis/node_modules/express/lib/router/index.js:574:18)
    at next (/home/apps/applications/gui-server/ysa-mis/node_modules/express/lib/router/index.js:220:15)
    at /home/apps/applications/gui-server/ysa-mis/src/server.js:23:3
    at Layer.handle [as handle_request] (/home/apps/applications/gui-server/ysa-mis/node_modules/express/lib/router/layer.js:95:5)
    at trim_prefix (/home/apps/applications/gui-server/ysa-mis/node_modules/express/lib/router/index.js:317:13)
    at /home/apps/applications/gui-server/ysa-mis/node_modules/express/lib/router/index.js:284:7
    at Function.process_params (/home/apps/applications/gui-server/ysa-mis/node_modules/express/lib/router/index.js:335:12)
URIError: Failed to decode param '/css/%f0%80%80%ae%f0%80%80%ae/%f0%80%80%ae%f0%80%80%ae/%f0%80%80%ae%f0%80%80%ae/%f0%80%80%ae%f0%80%80%ae/%f0%80%80%ae%f0%80%80%ae/%f0%80%80%ae%f0%80%80%ae/%f0%80%80%ae%f0%80%80%ae/%f0%80%80%ae%f0%80%80%ae/%f0%80%80%ae%f0%80%80%ae/%f0%80%80%ae%f0%80%80%ae/%f0%80%80%ae%f0%80%80%ae/%f0%80%80%ae%f0%80%80%ae/boot.ini'
    at decodeURIComponent (<anonymous>)
    at decode_param (/home/apps/applications/gui-server/ysa-mis/node_modules/express/lib/router/layer.js:172:12)
    at Layer.match (/home/apps/applications/gui-server/ysa-mis/node_modules/express/lib/router/layer.js:123:27)
    at matchLayer (/home/apps/applications/gui-server/ysa-mis/node_modules/express/lib/router/index.js:574:18)
    at next (/home/apps/applications/gui-server/ysa-mis/node_modules/express/lib/router/index.js:220:15)
    at /home/apps/applications/gui-server/ysa-mis/src/server.js:23:3
    at Layer.handle [as handle_request] (/home/apps/applications/gui-server/ysa-mis/node_modules/express/lib/router/layer.js:95:5)
    at trim_prefix (/home/apps/applications/gui-server/ysa-mis/node_modules/express/lib/router/index.js:317:13)
    at /home/apps/applications/gui-server/ysa-mis/node_modules/express/lib/router/index.js:284:7
    at Function.process_params (/home/apps/applications/gui-server/ysa-mis/node_modules/express/lib/router/index.js:335:12)
URIError: Failed to decode param '/css/%f0%80%80%ae%f0%80%80%ae/%f0%80%80%ae%f0%80%80%ae/%f0%80%80%ae%f0%80%80%ae/%f0%80%80%ae%f0%80%80%ae/%f0%80%80%ae%f0%80%80%ae/%f0%80%80%ae%f0%80%80%ae/%f0%80%80%ae%f0%80%80%ae/%f0%80%80%ae%f0%80%80%ae/%f0%80%80%ae%f0%80%80%ae/%f0%80%80%ae%f0%80%80%ae/%f0%80%80%ae%f0%80%80%ae/%f0%80%80%ae%f0%80%80%ae/etc/passwd'
    at decodeURIComponent (<anonymous>)
    at decode_param (/home/apps/applications/gui-server/ysa-mis/node_modules/express/lib/router/layer.js:172:12)
    at Layer.match (/home/apps/applications/gui-server/ysa-mis/node_modules/express/lib/router/layer.js:123:27)
    at matchLayer (/home/apps/applications/gui-server/ysa-mis/node_modules/express/lib/router/index.js:574:18)
    at next (/home/apps/applications/gui-server/ysa-mis/node_modules/express/lib/router/index.js:220:15)
    at /home/apps/applications/gui-server/ysa-mis/src/server.js:23:3
    at Layer.handle [as handle_request] (/home/apps/applications/gui-server/ysa-mis/node_modules/express/lib/router/layer.js:95:5)
    at trim_prefix (/home/apps/applications/gui-server/ysa-mis/node_modules/express/lib/router/index.js:317:13)
    at /home/apps/applications/gui-server/ysa-mis/node_modules/express/lib/router/index.js:284:7
    at Function.process_params (/home/apps/applications/gui-server/ysa-mis/node_modules/express/lib/router/index.js:335:12)
URIError: Failed to decode param '/css/%f8%80%80%80%ae%f8%80%80%80%ae/%f8%80%80%80%ae%f8%80%80%80%ae/%f8%80%80%80%ae%f8%80%80%80%ae/%f8%80%80%80%ae%f8%80%80%80%ae/%f8%80%80%80%ae%f8%80%80%80%ae/%f8%80%80%80%ae%f8%80%80%80%ae/%f8%80%80%80%ae%f8%80%80%80%ae/%f8%80%80%80%ae%f8%80%80%80%ae/%f8%80%80%80%ae%f8%80%80%80%ae/%f8%80%80%80%ae%f8%80%80%80%ae/%f8%80%80%80%ae%f8%80%80%80%ae/%f8%80%80%80%ae%f8%80%80%80%ae/boot.ini'
    at decodeURIComponent (<anonymous>)
    at decode_param (/home/apps/applications/gui-server/ysa-mis/node_modules/express/lib/router/layer.js:172:12)
    at Layer.match (/home/apps/applications/gui-server/ysa-mis/node_modules/express/lib/router/layer.js:123:27)
    at matchLayer (/home/apps/applications/gui-server/ysa-mis/node_modules/express/lib/router/index.js:574:18)
    at next (/home/apps/applications/gui-server/ysa-mis/node_modules/express/lib/router/index.js:220:15)
    at /home/apps/applications/gui-server/ysa-mis/src/server.js:23:3
    at Layer.handle [as handle_request] (/home/apps/applications/gui-server/ysa-mis/node_modules/express/lib/router/layer.js:95:5)
    at trim_prefix (/home/apps/applications/gui-server/ysa-mis/node_modules/express/lib/router/index.js:317:13)
    at /home/apps/applications/gui-server/ysa-mis/node_modules/express/lib/router/index.js:284:7
    at Function.process_params (/home/apps/applications/gui-server/ysa-mis/node_modules/express/lib/router/index.js:335:12)
URIError: Failed to decode param '/css/%f8%80%80%80%ae%f8%80%80%80%ae/%f8%80%80%80%ae%f8%80%80%80%ae/%f8%80%80%80%ae%f8%80%80%80%ae/%f8%80%80%80%ae%f8%80%80%80%ae/%f8%80%80%80%ae%f8%80%80%80%ae/%f8%80%80%80%ae%f8%80%80%80%ae/%f8%80%80%80%ae%f8%80%80%80%ae/%f8%80%80%80%ae%f8%80%80%80%ae/%f8%80%80%80%ae%f8%80%80%80%ae/%f8%80%80%80%ae%f8%80%80%80%ae/%f8%80%80%80%ae%f8%80%80%80%ae/%f8%80%80%80%ae%f8%80%80%80%ae/etc/passwd'
    at decodeURIComponent (<anonymous>)
    at decode_param (/home/apps/applications/gui-server/ysa-mis/node_modules/express/lib/router/layer.js:172:12)
    at Layer.match (/home/apps/applications/gui-server/ysa-mis/node_modules/express/lib/router/layer.js:123:27)
    at matchLayer (/home/apps/applications/gui-server/ysa-mis/node_modules/express/lib/router/index.js:574:18)
    at next (/home/apps/applications/gui-server/ysa-mis/node_modules/express/lib/router/index.js:220:15)
    at /home/apps/applications/gui-server/ysa-mis/src/server.js:23:3
    at Layer.handle [as handle_request] (/home/apps/applications/gui-server/ysa-mis/node_modules/express/lib/router/layer.js:95:5)
    at trim_prefix (/home/apps/applications/gui-server/ysa-mis/node_modules/express/lib/router/index.js:317:13)
    at /home/apps/applications/gui-server/ysa-mis/node_modules/express/lib/router/index.js:284:7
    at Function.process_params (/home/apps/applications/gui-server/ysa-mis/node_modules/express/lib/router/index.js:335:12)
URIError: Failed to decode param '/js/%c0%ae%c0%ae/%c0%ae%c0%ae/%c0%ae%c0%ae/%c0%ae%c0%ae/%c0%ae%c0%ae/%c0%ae%c0%ae/%c0%ae%c0%ae/%c0%ae%c0%ae/%c0%ae%c0%ae/%c0%ae%c0%ae/%c0%ae%c0%ae/%c0%ae%c0%ae/boot.ini'
    at decodeURIComponent (<anonymous>)
    at decode_param (/home/apps/applications/gui-server/ysa-mis/node_modules/express/lib/router/layer.js:172:12)
    at Layer.match (/home/apps/applications/gui-server/ysa-mis/node_modules/express/lib/router/layer.js:123:27)
    at matchLayer (/home/apps/applications/gui-server/ysa-mis/node_modules/express/lib/router/index.js:574:18)
    at next (/home/apps/applications/gui-server/ysa-mis/node_modules/express/lib/router/index.js:220:15)
    at /home/apps/applications/gui-server/ysa-mis/src/server.js:23:3
    at Layer.handle [as handle_request] (/home/apps/applications/gui-server/ysa-mis/node_modules/express/lib/router/layer.js:95:5)
    at trim_prefix (/home/apps/applications/gui-server/ysa-mis/node_modules/express/lib/router/index.js:317:13)
    at /home/apps/applications/gui-server/ysa-mis/node_modules/express/lib/router/index.js:284:7
    at Function.process_params (/home/apps/applications/gui-server/ysa-mis/node_modules/express/lib/router/index.js:335:12)
URIError: Failed to decode param '/js/%c0%ae%c0%ae/%c0%ae%c0%ae/%c0%ae%c0%ae/%c0%ae%c0%ae/%c0%ae%c0%ae/%c0%ae%c0%ae/%c0%ae%c0%ae/%c0%ae%c0%ae/%c0%ae%c0%ae/%c0%ae%c0%ae/%c0%ae%c0%ae/%c0%ae%c0%ae/etc/passwd'
    at decodeURIComponent (<anonymous>)
    at decode_param (/home/apps/applications/gui-server/ysa-mis/node_modules/express/lib/router/layer.js:172:12)
    at Layer.match (/home/apps/applications/gui-server/ysa-mis/node_modules/express/lib/router/layer.js:123:27)
    at matchLayer (/home/apps/applications/gui-server/ysa-mis/node_modules/express/lib/router/index.js:574:18)
    at next (/home/apps/applications/gui-server/ysa-mis/node_modules/express/lib/router/index.js:220:15)
    at /home/apps/applications/gui-server/ysa-mis/src/server.js:23:3
    at Layer.handle [as handle_request] (/home/apps/applications/gui-server/ysa-mis/node_modules/express/lib/router/layer.js:95:5)
    at trim_prefix (/home/apps/applications/gui-server/ysa-mis/node_modules/express/lib/router/index.js:317:13)
    at /home/apps/applications/gui-server/ysa-mis/node_modules/express/lib/router/index.js:284:7
    at Function.process_params (/home/apps/applications/gui-server/ysa-mis/node_modules/express/lib/router/index.js:335:12)
URIError: Failed to decode param '/js/%e0%80%ae%e0%80%ae/%e0%80%ae%e0%80%ae/%e0%80%ae%e0%80%ae/%e0%80%ae%e0%80%ae/%e0%80%ae%e0%80%ae/%e0%80%ae%e0%80%ae/%e0%80%ae%e0%80%ae/%e0%80%ae%e0%80%ae/%e0%80%ae%e0%80%ae/%e0%80%ae%e0%80%ae/%e0%80%ae%e0%80%ae/%e0%80%ae%e0%80%ae/boot.ini'
    at decodeURIComponent (<anonymous>)
    at decode_param (/home/apps/applications/gui-server/ysa-mis/node_modules/express/lib/router/layer.js:172:12)
    at Layer.match (/home/apps/applications/gui-server/ysa-mis/node_modules/express/lib/router/layer.js:123:27)
    at matchLayer (/home/apps/applications/gui-server/ysa-mis/node_modules/express/lib/router/index.js:574:18)
    at next (/home/apps/applications/gui-server/ysa-mis/node_modules/express/lib/router/index.js:220:15)
    at /home/apps/applications/gui-server/ysa-mis/src/server.js:23:3
    at Layer.handle [as handle_request] (/home/apps/applications/gui-server/ysa-mis/node_modules/express/lib/router/layer.js:95:5)
    at trim_prefix (/home/apps/applications/gui-server/ysa-mis/node_modules/express/lib/router/index.js:317:13)
    at /home/apps/applications/gui-server/ysa-mis/node_modules/express/lib/router/index.js:284:7
    at Function.process_params (/home/apps/applications/gui-server/ysa-mis/node_modules/express/lib/router/index.js:335:12)
URIError: Failed to decode param '/js/%e0%80%ae%e0%80%ae/%e0%80%ae%e0%80%ae/%e0%80%ae%e0%80%ae/%e0%80%ae%e0%80%ae/%e0%80%ae%e0%80%ae/%e0%80%ae%e0%80%ae/%e0%80%ae%e0%80%ae/%e0%80%ae%e0%80%ae/%e0%80%ae%e0%80%ae/%e0%80%ae%e0%80%ae/%e0%80%ae%e0%80%ae/%e0%80%ae%e0%80%ae/etc/passwd'
    at decodeURIComponent (<anonymous>)
    at decode_param (/home/apps/applications/gui-server/ysa-mis/node_modules/express/lib/router/layer.js:172:12)
    at Layer.match (/home/apps/applications/gui-server/ysa-mis/node_modules/express/lib/router/layer.js:123:27)
    at matchLayer (/home/apps/applications/gui-server/ysa-mis/node_modules/express/lib/router/index.js:574:18)
    at next (/home/apps/applications/gui-server/ysa-mis/node_modules/express/lib/router/index.js:220:15)
    at /home/apps/applications/gui-server/ysa-mis/src/server.js:23:3
    at Layer.handle [as handle_request] (/home/apps/applications/gui-server/ysa-mis/node_modules/express/lib/router/layer.js:95:5)
    at trim_prefix (/home/apps/applications/gui-server/ysa-mis/node_modules/express/lib/router/index.js:317:13)
    at /home/apps/applications/gui-server/ysa-mis/node_modules/express/lib/router/index.js:284:7
    at Function.process_params (/home/apps/applications/gui-server/ysa-mis/node_modules/express/lib/router/index.js:335:12)
URIError: Failed to decode param '/js/%f0%80%80%ae%f0%80%80%ae/%f0%80%80%ae%f0%80%80%ae/%f0%80%80%ae%f0%80%80%ae/%f0%80%80%ae%f0%80%80%ae/%f0%80%80%ae%f0%80%80%ae/%f0%80%80%ae%f0%80%80%ae/%f0%80%80%ae%f0%80%80%ae/%f0%80%80%ae%f0%80%80%ae/%f0%80%80%ae%f0%80%80%ae/%f0%80%80%ae%f0%80%80%ae/%f0%80%80%ae%f0%80%80%ae/%f0%80%80%ae%f0%80%80%ae/boot.ini'
    at decodeURIComponent (<anonymous>)
    at decode_param (/home/apps/applications/gui-server/ysa-mis/node_modules/express/lib/router/layer.js:172:12)
    at Layer.match (/home/apps/applications/gui-server/ysa-mis/node_modules/express/lib/router/layer.js:123:27)
    at matchLayer (/home/apps/applications/gui-server/ysa-mis/node_modules/express/lib/router/index.js:574:18)
    at next (/home/apps/applications/gui-server/ysa-mis/node_modules/express/lib/router/index.js:220:15)
    at /home/apps/applications/gui-server/ysa-mis/src/server.js:23:3
    at Layer.handle [as handle_request] (/home/apps/applications/gui-server/ysa-mis/node_modules/express/lib/router/layer.js:95:5)
    at trim_prefix (/home/apps/applications/gui-server/ysa-mis/node_modules/express/lib/router/index.js:317:13)
    at /home/apps/applications/gui-server/ysa-mis/node_modules/express/lib/router/index.js:284:7
    at Function.process_params (/home/apps/applications/gui-server/ysa-mis/node_modules/express/lib/router/index.js:335:12)
URIError: Failed to decode param '/js/%f0%80%80%ae%f0%80%80%ae/%f0%80%80%ae%f0%80%80%ae/%f0%80%80%ae%f0%80%80%ae/%f0%80%80%ae%f0%80%80%ae/%f0%80%80%ae%f0%80%80%ae/%f0%80%80%ae%f0%80%80%ae/%f0%80%80%ae%f0%80%80%ae/%f0%80%80%ae%f0%80%80%ae/%f0%80%80%ae%f0%80%80%ae/%f0%80%80%ae%f0%80%80%ae/%f0%80%80%ae%f0%80%80%ae/%f0%80%80%ae%f0%80%80%ae/etc/passwd'
    at decodeURIComponent (<anonymous>)
    at decode_param (/home/apps/applications/gui-server/ysa-mis/node_modules/express/lib/router/layer.js:172:12)
    at Layer.match (/home/apps/applications/gui-server/ysa-mis/node_modules/express/lib/router/layer.js:123:27)
    at matchLayer (/home/apps/applications/gui-server/ysa-mis/node_modules/express/lib/router/index.js:574:18)
    at next (/home/apps/applications/gui-server/ysa-mis/node_modules/express/lib/router/index.js:220:15)
    at /home/apps/applications/gui-server/ysa-mis/src/server.js:23:3
    at Layer.handle [as handle_request] (/home/apps/applications/gui-server/ysa-mis/node_modules/express/lib/router/layer.js:95:5)
    at trim_prefix (/home/apps/applications/gui-server/ysa-mis/node_modules/express/lib/router/index.js:317:13)
    at /home/apps/applications/gui-server/ysa-mis/node_modules/express/lib/router/index.js:284:7
    at Function.process_params (/home/apps/applications/gui-server/ysa-mis/node_modules/express/lib/router/index.js:335:12)
URIError: Failed to decode param '/js/%f8%80%80%80%ae%f8%80%80%80%ae/%f8%80%80%80%ae%f8%80%80%80%ae/%f8%80%80%80%ae%f8%80%80%80%ae/%f8%80%80%80%ae%f8%80%80%80%ae/%f8%80%80%80%ae%f8%80%80%80%ae/%f8%80%80%80%ae%f8%80%80%80%ae/%f8%80%80%80%ae%f8%80%80%80%ae/%f8%80%80%80%ae%f8%80%80%80%ae/%f8%80%80%80%ae%f8%80%80%80%ae/%f8%80%80%80%ae%f8%80%80%80%ae/%f8%80%80%80%ae%f8%80%80%80%ae/%f8%80%80%80%ae%f8%80%80%80%ae/boot.ini'
    at decodeURIComponent (<anonymous>)
    at decode_param (/home/apps/applications/gui-server/ysa-mis/node_modules/express/lib/router/layer.js:172:12)
    at Layer.match (/home/apps/applications/gui-server/ysa-mis/node_modules/express/lib/router/layer.js:123:27)
    at matchLayer (/home/apps/applications/gui-server/ysa-mis/node_modules/express/lib/router/index.js:574:18)
    at next (/home/apps/applications/gui-server/ysa-mis/node_modules/express/lib/router/index.js:220:15)
    at /home/apps/applications/gui-server/ysa-mis/src/server.js:23:3
    at Layer.handle [as handle_request] (/home/apps/applications/gui-server/ysa-mis/node_modules/express/lib/router/layer.js:95:5)
    at trim_prefix (/home/apps/applications/gui-server/ysa-mis/node_modules/express/lib/router/index.js:317:13)
    at /home/apps/applications/gui-server/ysa-mis/node_modules/express/lib/router/index.js:284:7
    at Function.process_params (/home/apps/applications/gui-server/ysa-mis/node_modules/express/lib/router/index.js:335:12)
URIError: Failed to decode param '/js/%f8%80%80%80%ae%f8%80%80%80%ae/%f8%80%80%80%ae%f8%80%80%80%ae/%f8%80%80%80%ae%f8%80%80%80%ae/%f8%80%80%80%ae%f8%80%80%80%ae/%f8%80%80%80%ae%f8%80%80%80%ae/%f8%80%80%80%ae%f8%80%80%80%ae/%f8%80%80%80%ae%f8%80%80%80%ae/%f8%80%80%80%ae%f8%80%80%80%ae/%f8%80%80%80%ae%f8%80%80%80%ae/%f8%80%80%80%ae%f8%80%80%80%ae/%f8%80%80%80%ae%f8%80%80%80%ae/%f8%80%80%80%ae%f8%80%80%80%ae/etc/passwd'
    at decodeURIComponent (<anonymous>)
    at decode_param (/home/apps/applications/gui-server/ysa-mis/node_modules/express/lib/router/layer.js:172:12)
    at Layer.match (/home/apps/applications/gui-server/ysa-mis/node_modules/express/lib/router/layer.js:123:27)
    at matchLayer (/home/apps/applications/gui-server/ysa-mis/node_modules/express/lib/router/index.js:574:18)
    at next (/home/apps/applications/gui-server/ysa-mis/node_modules/express/lib/router/index.js:220:15)
    at /home/apps/applications/gui-server/ysa-mis/src/server.js:23:3
    at Layer.handle [as handle_request] (/home/apps/applications/gui-server/ysa-mis/node_modules/express/lib/router/layer.js:95:5)
    at trim_prefix (/home/apps/applications/gui-server/ysa-mis/node_modules/express/lib/router/index.js:317:13)
    at /home/apps/applications/gui-server/ysa-mis/node_modules/express/lib/router/index.js:284:7
    at Function.process_params (/home/apps/applications/gui-server/ysa-mis/node_modules/express/lib/router/index.js:335:12)
URIError: Failed to decode param '/login/css/%c0%ae%c0%ae/%c0%ae%c0%ae/%c0%ae%c0%ae/%c0%ae%c0%ae/%c0%ae%c0%ae/%c0%ae%c0%ae/%c0%ae%c0%ae/%c0%ae%c0%ae/%c0%ae%c0%ae/%c0%ae%c0%ae/%c0%ae%c0%ae/%c0%ae%c0%ae/boot.ini'
    at decodeURIComponent (<anonymous>)
    at decode_param (/home/apps/applications/gui-server/ysa-mis/node_modules/express/lib/router/layer.js:172:12)
    at Layer.match (/home/apps/applications/gui-server/ysa-mis/node_modules/express/lib/router/layer.js:123:27)
    at matchLayer (/home/apps/applications/gui-server/ysa-mis/node_modules/express/lib/router/index.js:574:18)
    at next (/home/apps/applications/gui-server/ysa-mis/node_modules/express/lib/router/index.js:220:15)
    at /home/apps/applications/gui-server/ysa-mis/src/server.js:23:3
    at Layer.handle [as handle_request] (/home/apps/applications/gui-server/ysa-mis/node_modules/express/lib/router/layer.js:95:5)
    at trim_prefix (/home/apps/applications/gui-server/ysa-mis/node_modules/express/lib/router/index.js:317:13)
    at /home/apps/applications/gui-server/ysa-mis/node_modules/express/lib/router/index.js:284:7
    at Function.process_params (/home/apps/applications/gui-server/ysa-mis/node_modules/express/lib/router/index.js:335:12)
URIError: Failed to decode param '/login/css/%c0%ae%c0%ae/%c0%ae%c0%ae/%c0%ae%c0%ae/%c0%ae%c0%ae/%c0%ae%c0%ae/%c0%ae%c0%ae/%c0%ae%c0%ae/%c0%ae%c0%ae/%c0%ae%c0%ae/%c0%ae%c0%ae/%c0%ae%c0%ae/%c0%ae%c0%ae/etc/passwd'
    at decodeURIComponent (<anonymous>)
    at decode_param (/home/apps/applications/gui-server/ysa-mis/node_modules/express/lib/router/layer.js:172:12)
    at Layer.match (/home/apps/applications/gui-server/ysa-mis/node_modules/express/lib/router/layer.js:123:27)
    at matchLayer (/home/apps/applications/gui-server/ysa-mis/node_modules/express/lib/router/index.js:574:18)
    at next (/home/apps/applications/gui-server/ysa-mis/node_modules/express/lib/router/index.js:220:15)
    at /home/apps/applications/gui-server/ysa-mis/src/server.js:23:3
    at Layer.handle [as handle_request] (/home/apps/applications/gui-server/ysa-mis/node_modules/express/lib/router/layer.js:95:5)
    at trim_prefix (/home/apps/applications/gui-server/ysa-mis/node_modules/express/lib/router/index.js:317:13)
    at /home/apps/applications/gui-server/ysa-mis/node_modules/express/lib/router/index.js:284:7
    at Function.process_params (/home/apps/applications/gui-server/ysa-mis/node_modules/express/lib/router/index.js:335:12)
URIError: Failed to decode param '/login/css/%e0%80%ae%e0%80%ae/%e0%80%ae%e0%80%ae/%e0%80%ae%e0%80%ae/%e0%80%ae%e0%80%ae/%e0%80%ae%e0%80%ae/%e0%80%ae%e0%80%ae/%e0%80%ae%e0%80%ae/%e0%80%ae%e0%80%ae/%e0%80%ae%e0%80%ae/%e0%80%ae%e0%80%ae/%e0%80%ae%e0%80%ae/%e0%80%ae%e0%80%ae/boot.ini'
    at decodeURIComponent (<anonymous>)
    at decode_param (/home/apps/applications/gui-server/ysa-mis/node_modules/express/lib/router/layer.js:172:12)
    at Layer.match (/home/apps/applications/gui-server/ysa-mis/node_modules/express/lib/router/layer.js:123:27)
    at matchLayer (/home/apps/applications/gui-server/ysa-mis/node_modules/express/lib/router/index.js:574:18)
    at next (/home/apps/applications/gui-server/ysa-mis/node_modules/express/lib/router/index.js:220:15)
    at /home/apps/applications/gui-server/ysa-mis/src/server.js:23:3
    at Layer.handle [as handle_request] (/home/apps/applications/gui-server/ysa-mis/node_modules/express/lib/router/layer.js:95:5)
    at trim_prefix (/home/apps/applications/gui-server/ysa-mis/node_modules/express/lib/router/index.js:317:13)
    at /home/apps/applications/gui-server/ysa-mis/node_modules/express/lib/router/index.js:284:7
    at Function.process_params (/home/apps/applications/gui-server/ysa-mis/node_modules/express/lib/router/index.js:335:12)
URIError: Failed to decode param '/login/css/%e0%80%ae%e0%80%ae/%e0%80%ae%e0%80%ae/%e0%80%ae%e0%80%ae/%e0%80%ae%e0%80%ae/%e0%80%ae%e0%80%ae/%e0%80%ae%e0%80%ae/%e0%80%ae%e0%80%ae/%e0%80%ae%e0%80%ae/%e0%80%ae%e0%80%ae/%e0%80%ae%e0%80%ae/%e0%80%ae%e0%80%ae/%e0%80%ae%e0%80%ae/etc/passwd'
    at decodeURIComponent (<anonymous>)
    at decode_param (/home/apps/applications/gui-server/ysa-mis/node_modules/express/lib/router/layer.js:172:12)
    at Layer.match (/home/apps/applications/gui-server/ysa-mis/node_modules/express/lib/router/layer.js:123:27)
    at matchLayer (/home/apps/applications/gui-server/ysa-mis/node_modules/express/lib/router/index.js:574:18)
    at next (/home/apps/applications/gui-server/ysa-mis/node_modules/express/lib/router/index.js:220:15)
    at /home/apps/applications/gui-server/ysa-mis/src/server.js:23:3
    at Layer.handle [as handle_request] (/home/apps/applications/gui-server/ysa-mis/node_modules/express/lib/router/layer.js:95:5)
    at trim_prefix (/home/apps/applications/gui-server/ysa-mis/node_modules/express/lib/router/index.js:317:13)
    at /home/apps/applications/gui-server/ysa-mis/node_modules/express/lib/router/index.js:284:7
    at Function.process_params (/home/apps/applications/gui-server/ysa-mis/node_modules/express/lib/router/index.js:335:12)
URIError: Failed to decode param '/login/css/%f0%80%80%ae%f0%80%80%ae/%f0%80%80%ae%f0%80%80%ae/%f0%80%80%ae%f0%80%80%ae/%f0%80%80%ae%f0%80%80%ae/%f0%80%80%ae%f0%80%80%ae/%f0%80%80%ae%f0%80%80%ae/%f0%80%80%ae%f0%80%80%ae/%f0%80%80%ae%f0%80%80%ae/%f0%80%80%ae%f0%80%80%ae/%f0%80%80%ae%f0%80%80%ae/%f0%80%80%ae%f0%80%80%ae/%f0%80%80%ae%f0%80%80%ae/boot.ini'
    at decodeURIComponent (<anonymous>)
    at decode_param (/home/apps/applications/gui-server/ysa-mis/node_modules/express/lib/router/layer.js:172:12)
    at Layer.match (/home/apps/applications/gui-server/ysa-mis/node_modules/express/lib/router/layer.js:123:27)
    at matchLayer (/home/apps/applications/gui-server/ysa-mis/node_modules/express/lib/router/index.js:574:18)
    at next (/home/apps/applications/gui-server/ysa-mis/node_modules/express/lib/router/index.js:220:15)
    at /home/apps/applications/gui-server/ysa-mis/src/server.js:23:3
    at Layer.handle [as handle_request] (/home/apps/applications/gui-server/ysa-mis/node_modules/express/lib/router/layer.js:95:5)
    at trim_prefix (/home/apps/applications/gui-server/ysa-mis/node_modules/express/lib/router/index.js:317:13)
    at /home/apps/applications/gui-server/ysa-mis/node_modules/express/lib/router/index.js:284:7
    at Function.process_params (/home/apps/applications/gui-server/ysa-mis/node_modules/express/lib/router/index.js:335:12)
URIError: Failed to decode param '/login/css/%f0%80%80%ae%f0%80%80%ae/%f0%80%80%ae%f0%80%80%ae/%f0%80%80%ae%f0%80%80%ae/%f0%80%80%ae%f0%80%80%ae/%f0%80%80%ae%f0%80%80%ae/%f0%80%80%ae%f0%80%80%ae/%f0%80%80%ae%f0%80%80%ae/%f0%80%80%ae%f0%80%80%ae/%f0%80%80%ae%f0%80%80%ae/%f0%80%80%ae%f0%80%80%ae/%f0%80%80%ae%f0%80%80%ae/%f0%80%80%ae%f0%80%80%ae/etc/passwd'
    at decodeURIComponent (<anonymous>)
    at decode_param (/home/apps/applications/gui-server/ysa-mis/node_modules/express/lib/router/layer.js:172:12)
    at Layer.match (/home/apps/applications/gui-server/ysa-mis/node_modules/express/lib/router/layer.js:123:27)
    at matchLayer (/home/apps/applications/gui-server/ysa-mis/node_modules/express/lib/router/index.js:574:18)
    at next (/home/apps/applications/gui-server/ysa-mis/node_modules/express/lib/router/index.js:220:15)
    at /home/apps/applications/gui-server/ysa-mis/src/server.js:23:3
    at Layer.handle [as handle_request] (/home/apps/applications/gui-server/ysa-mis/node_modules/express/lib/router/layer.js:95:5)
    at trim_prefix (/home/apps/applications/gui-server/ysa-mis/node_modules/express/lib/router/index.js:317:13)
    at /home/apps/applications/gui-server/ysa-mis/node_modules/express/lib/router/index.js:284:7
    at Function.process_params (/home/apps/applications/gui-server/ysa-mis/node_modules/express/lib/router/index.js:335:12)
URIError: Failed to decode param '/login/css/%f8%80%80%80%ae%f8%80%80%80%ae/%f8%80%80%80%ae%f8%80%80%80%ae/%f8%80%80%80%ae%f8%80%80%80%ae/%f8%80%80%80%ae%f8%80%80%80%ae/%f8%80%80%80%ae%f8%80%80%80%ae/%f8%80%80%80%ae%f8%80%80%80%ae/%f8%80%80%80%ae%f8%80%80%80%ae/%f8%80%80%80%ae%f8%80%80%80%ae/%f8%80%80%80%ae%f8%80%80%80%ae/%f8%80%80%80%ae%f8%80%80%80%ae/%f8%80%80%80%ae%f8%80%80%80%ae/%f8%80%80%80%ae%f8%80%80%80%ae/boot.ini'
    at decodeURIComponent (<anonymous>)
    at decode_param (/home/apps/applications/gui-server/ysa-mis/node_modules/express/lib/router/layer.js:172:12)
    at Layer.match (/home/apps/applications/gui-server/ysa-mis/node_modules/express/lib/router/layer.js:123:27)
    at matchLayer (/home/apps/applications/gui-server/ysa-mis/node_modules/express/lib/router/index.js:574:18)
    at next (/home/apps/applications/gui-server/ysa-mis/node_modules/express/lib/router/index.js:220:15)
    at /home/apps/applications/gui-server/ysa-mis/src/server.js:23:3
    at Layer.handle [as handle_request] (/home/apps/applications/gui-server/ysa-mis/node_modules/express/lib/router/layer.js:95:5)
    at trim_prefix (/home/apps/applications/gui-server/ysa-mis/node_modules/express/lib/router/index.js:317:13)
    at /home/apps/applications/gui-server/ysa-mis/node_modules/express/lib/router/index.js:284:7
    at Function.process_params (/home/apps/applications/gui-server/ysa-mis/node_modules/express/lib/router/index.js:335:12)
URIError: Failed to decode param '/login/css/%f8%80%80%80%ae%f8%80%80%80%ae/%f8%80%80%80%ae%f8%80%80%80%ae/%f8%80%80%80%ae%f8%80%80%80%ae/%f8%80%80%80%ae%f8%80%80%80%ae/%f8%80%80%80%ae%f8%80%80%80%ae/%f8%80%80%80%ae%f8%80%80%80%ae/%f8%80%80%80%ae%f8%80%80%80%ae/%f8%80%80%80%ae%f8%80%80%80%ae/%f8%80%80%80%ae%f8%80%80%80%ae/%f8%80%80%80%ae%f8%80%80%80%ae/%f8%80%80%80%ae%f8%80%80%80%ae/%f8%80%80%80%ae%f8%80%80%80%ae/etc/passwd'
    at decodeURIComponent (<anonymous>)
    at decode_param (/home/apps/applications/gui-server/ysa-mis/node_modules/express/lib/router/layer.js:172:12)
    at Layer.match (/home/apps/applications/gui-server/ysa-mis/node_modules/express/lib/router/layer.js:123:27)
    at matchLayer (/home/apps/applications/gui-server/ysa-mis/node_modules/express/lib/router/index.js:574:18)
    at next (/home/apps/applications/gui-server/ysa-mis/node_modules/express/lib/router/index.js:220:15)
    at /home/apps/applications/gui-server/ysa-mis/src/server.js:23:3
    at Layer.handle [as handle_request] (/home/apps/applications/gui-server/ysa-mis/node_modules/express/lib/router/layer.js:95:5)
    at trim_prefix (/home/apps/applications/gui-server/ysa-mis/node_modules/express/lib/router/index.js:317:13)
    at /home/apps/applications/gui-server/ysa-mis/node_modules/express/lib/router/index.js:284:7
    at Function.process_params (/home/apps/applications/gui-server/ysa-mis/node_modules/express/lib/router/index.js:335:12)
URIError: Failed to decode param '/login/js/%c0%ae%c0%ae/%c0%ae%c0%ae/%c0%ae%c0%ae/%c0%ae%c0%ae/%c0%ae%c0%ae/%c0%ae%c0%ae/%c0%ae%c0%ae/%c0%ae%c0%ae/%c0%ae%c0%ae/%c0%ae%c0%ae/%c0%ae%c0%ae/%c0%ae%c0%ae/boot.ini'
    at decodeURIComponent (<anonymous>)
    at decode_param (/home/apps/applications/gui-server/ysa-mis/node_modules/express/lib/router/layer.js:172:12)
    at Layer.match (/home/apps/applications/gui-server/ysa-mis/node_modules/express/lib/router/layer.js:123:27)
    at matchLayer (/home/apps/applications/gui-server/ysa-mis/node_modules/express/lib/router/index.js:574:18)
    at next (/home/apps/applications/gui-server/ysa-mis/node_modules/express/lib/router/index.js:220:15)
    at /home/apps/applications/gui-server/ysa-mis/src/server.js:23:3
    at Layer.handle [as handle_request] (/home/apps/applications/gui-server/ysa-mis/node_modules/express/lib/router/layer.js:95:5)
    at trim_prefix (/home/apps/applications/gui-server/ysa-mis/node_modules/express/lib/router/index.js:317:13)
    at /home/apps/applications/gui-server/ysa-mis/node_modules/express/lib/router/index.js:284:7
    at Function.process_params (/home/apps/applications/gui-server/ysa-mis/node_modules/express/lib/router/index.js:335:12)
URIError: Failed to decode param '/login/js/%c0%ae%c0%ae/%c0%ae%c0%ae/%c0%ae%c0%ae/%c0%ae%c0%ae/%c0%ae%c0%ae/%c0%ae%c0%ae/%c0%ae%c0%ae/%c0%ae%c0%ae/%c0%ae%c0%ae/%c0%ae%c0%ae/%c0%ae%c0%ae/%c0%ae%c0%ae/etc/passwd'
    at decodeURIComponent (<anonymous>)
    at decode_param (/home/apps/applications/gui-server/ysa-mis/node_modules/express/lib/router/layer.js:172:12)
    at Layer.match (/home/apps/applications/gui-server/ysa-mis/node_modules/express/lib/router/layer.js:123:27)
    at matchLayer (/home/apps/applications/gui-server/ysa-mis/node_modules/express/lib/router/index.js:574:18)
    at next (/home/apps/applications/gui-server/ysa-mis/node_modules/express/lib/router/index.js:220:15)
    at /home/apps/applications/gui-server/ysa-mis/src/server.js:23:3
    at Layer.handle [as handle_request] (/home/apps/applications/gui-server/ysa-mis/node_modules/express/lib/router/layer.js:95:5)
    at trim_prefix (/home/apps/applications/gui-server/ysa-mis/node_modules/express/lib/router/index.js:317:13)
    at /home/apps/applications/gui-server/ysa-mis/node_modules/express/lib/router/index.js:284:7
    at Function.process_params (/home/apps/applications/gui-server/ysa-mis/node_modules/express/lib/router/index.js:335:12)
URIError: Failed to decode param '/login/js/%e0%80%ae%e0%80%ae/%e0%80%ae%e0%80%ae/%e0%80%ae%e0%80%ae/%e0%80%ae%e0%80%ae/%e0%80%ae%e0%80%ae/%e0%80%ae%e0%80%ae/%e0%80%ae%e0%80%ae/%e0%80%ae%e0%80%ae/%e0%80%ae%e0%80%ae/%e0%80%ae%e0%80%ae/%e0%80%ae%e0%80%ae/%e0%80%ae%e0%80%ae/boot.ini'
    at decodeURIComponent (<anonymous>)
    at decode_param (/home/apps/applications/gui-server/ysa-mis/node_modules/express/lib/router/layer.js:172:12)
    at Layer.match (/home/apps/applications/gui-server/ysa-mis/node_modules/express/lib/router/layer.js:123:27)
    at matchLayer (/home/apps/applications/gui-server/ysa-mis/node_modules/express/lib/router/index.js:574:18)
    at next (/home/apps/applications/gui-server/ysa-mis/node_modules/express/lib/router/index.js:220:15)
    at /home/apps/applications/gui-server/ysa-mis/src/server.js:23:3
    at Layer.handle [as handle_request] (/home/apps/applications/gui-server/ysa-mis/node_modules/express/lib/router/layer.js:95:5)
    at trim_prefix (/home/apps/applications/gui-server/ysa-mis/node_modules/express/lib/router/index.js:317:13)
    at /home/apps/applications/gui-server/ysa-mis/node_modules/express/lib/router/index.js:284:7
    at Function.process_params (/home/apps/applications/gui-server/ysa-mis/node_modules/express/lib/router/index.js:335:12)
URIError: Failed to decode param '/login/js/%e0%80%ae%e0%80%ae/%e0%80%ae%e0%80%ae/%e0%80%ae%e0%80%ae/%e0%80%ae%e0%80%ae/%e0%80%ae%e0%80%ae/%e0%80%ae%e0%80%ae/%e0%80%ae%e0%80%ae/%e0%80%ae%e0%80%ae/%e0%80%ae%e0%80%ae/%e0%80%ae%e0%80%ae/%e0%80%ae%e0%80%ae/%e0%80%ae%e0%80%ae/etc/passwd'
    at decodeURIComponent (<anonymous>)
    at decode_param (/home/apps/applications/gui-server/ysa-mis/node_modules/express/lib/router/layer.js:172:12)
    at Layer.match (/home/apps/applications/gui-server/ysa-mis/node_modules/express/lib/router/layer.js:123:27)
    at matchLayer (/home/apps/applications/gui-server/ysa-mis/node_modules/express/lib/router/index.js:574:18)
    at next (/home/apps/applications/gui-server/ysa-mis/node_modules/express/lib/router/index.js:220:15)
    at /home/apps/applications/gui-server/ysa-mis/src/server.js:23:3
    at Layer.handle [as handle_request] (/home/apps/applications/gui-server/ysa-mis/node_modules/express/lib/router/layer.js:95:5)
    at trim_prefix (/home/apps/applications/gui-server/ysa-mis/node_modules/express/lib/router/index.js:317:13)
    at /home/apps/applications/gui-server/ysa-mis/node_modules/express/lib/router/index.js:284:7
    at Function.process_params (/home/apps/applications/gui-server/ysa-mis/node_modules/express/lib/router/index.js:335:12)
URIError: Failed to decode param '/login/js/%f0%80%80%ae%f0%80%80%ae/%f0%80%80%ae%f0%80%80%ae/%f0%80%80%ae%f0%80%80%ae/%f0%80%80%ae%f0%80%80%ae/%f0%80%80%ae%f0%80%80%ae/%f0%80%80%ae%f0%80%80%ae/%f0%80%80%ae%f0%80%80%ae/%f0%80%80%ae%f0%80%80%ae/%f0%80%80%ae%f0%80%80%ae/%f0%80%80%ae%f0%80%80%ae/%f0%80%80%ae%f0%80%80%ae/%f0%80%80%ae%f0%80%80%ae/boot.ini'
    at decodeURIComponent (<anonymous>)
    at decode_param (/home/apps/applications/gui-server/ysa-mis/node_modules/express/lib/router/layer.js:172:12)
    at Layer.match (/home/apps/applications/gui-server/ysa-mis/node_modules/express/lib/router/layer.js:123:27)
    at matchLayer (/home/apps/applications/gui-server/ysa-mis/node_modules/express/lib/router/index.js:574:18)
    at next (/home/apps/applications/gui-server/ysa-mis/node_modules/express/lib/router/index.js:220:15)
    at /home/apps/applications/gui-server/ysa-mis/src/server.js:23:3
    at Layer.handle [as handle_request] (/home/apps/applications/gui-server/ysa-mis/node_modules/express/lib/router/layer.js:95:5)
    at trim_prefix (/home/apps/applications/gui-server/ysa-mis/node_modules/express/lib/router/index.js:317:13)
    at /home/apps/applications/gui-server/ysa-mis/node_modules/express/lib/router/index.js:284:7
    at Function.process_params (/home/apps/applications/gui-server/ysa-mis/node_modules/express/lib/router/index.js:335:12)
URIError: Failed to decode param '/login/js/%f0%80%80%ae%f0%80%80%ae/%f0%80%80%ae%f0%80%80%ae/%f0%80%80%ae%f0%80%80%ae/%f0%80%80%ae%f0%80%80%ae/%f0%80%80%ae%f0%80%80%ae/%f0%80%80%ae%f0%80%80%ae/%f0%80%80%ae%f0%80%80%ae/%f0%80%80%ae%f0%80%80%ae/%f0%80%80%ae%f0%80%80%ae/%f0%80%80%ae%f0%80%80%ae/%f0%80%80%ae%f0%80%80%ae/%f0%80%80%ae%f0%80%80%ae/etc/passwd'
    at decodeURIComponent (<anonymous>)
    at decode_param (/home/apps/applications/gui-server/ysa-mis/node_modules/express/lib/router/layer.js:172:12)
    at Layer.match (/home/apps/applications/gui-server/ysa-mis/node_modules/express/lib/router/layer.js:123:27)
    at matchLayer (/home/apps/applications/gui-server/ysa-mis/node_modules/express/lib/router/index.js:574:18)
    at next (/home/apps/applications/gui-server/ysa-mis/node_modules/express/lib/router/index.js:220:15)
    at /home/apps/applications/gui-server/ysa-mis/src/server.js:23:3
    at Layer.handle [as handle_request] (/home/apps/applications/gui-server/ysa-mis/node_modules/express/lib/router/layer.js:95:5)
    at trim_prefix (/home/apps/applications/gui-server/ysa-mis/node_modules/express/lib/router/index.js:317:13)
    at /home/apps/applications/gui-server/ysa-mis/node_modules/express/lib/router/index.js:284:7
    at Function.process_params (/home/apps/applications/gui-server/ysa-mis/node_modules/express/lib/router/index.js:335:12)
URIError: Failed to decode param '/login/js/%f8%80%80%80%ae%f8%80%80%80%ae/%f8%80%80%80%ae%f8%80%80%80%ae/%f8%80%80%80%ae%f8%80%80%80%ae/%f8%80%80%80%ae%f8%80%80%80%ae/%f8%80%80%80%ae%f8%80%80%80%ae/%f8%80%80%80%ae%f8%80%80%80%ae/%f8%80%80%80%ae%f8%80%80%80%ae/%f8%80%80%80%ae%f8%80%80%80%ae/%f8%80%80%80%ae%f8%80%80%80%ae/%f8%80%80%80%ae%f8%80%80%80%ae/%f8%80%80%80%ae%f8%80%80%80%ae/%f8%80%80%80%ae%f8%80%80%80%ae/boot.ini'
    at decodeURIComponent (<anonymous>)
    at decode_param (/home/apps/applications/gui-server/ysa-mis/node_modules/express/lib/router/layer.js:172:12)
    at Layer.match (/home/apps/applications/gui-server/ysa-mis/node_modules/express/lib/router/layer.js:123:27)
    at matchLayer (/home/apps/applications/gui-server/ysa-mis/node_modules/express/lib/router/index.js:574:18)
    at next (/home/apps/applications/gui-server/ysa-mis/node_modules/express/lib/router/index.js:220:15)
    at /home/apps/applications/gui-server/ysa-mis/src/server.js:23:3
    at Layer.handle [as handle_request] (/home/apps/applications/gui-server/ysa-mis/node_modules/express/lib/router/layer.js:95:5)
    at trim_prefix (/home/apps/applications/gui-server/ysa-mis/node_modules/express/lib/router/index.js:317:13)
    at /home/apps/applications/gui-server/ysa-mis/node_modules/express/lib/router/index.js:284:7
    at Function.process_params (/home/apps/applications/gui-server/ysa-mis/node_modules/express/lib/router/index.js:335:12)
URIError: Failed to decode param '/login/js/%f8%80%80%80%ae%f8%80%80%80%ae/%f8%80%80%80%ae%f8%80%80%80%ae/%f8%80%80%80%ae%f8%80%80%80%ae/%f8%80%80%80%ae%f8%80%80%80%ae/%f8%80%80%80%ae%f8%80%80%80%ae/%f8%80%80%80%ae%f8%80%80%80%ae/%f8%80%80%80%ae%f8%80%80%80%ae/%f8%80%80%80%ae%f8%80%80%80%ae/%f8%80%80%80%ae%f8%80%80%80%ae/%f8%80%80%80%ae%f8%80%80%80%ae/%f8%80%80%80%ae%f8%80%80%80%ae/%f8%80%80%80%ae%f8%80%80%80%ae/etc/passwd'
    at decodeURIComponent (<anonymous>)
    at decode_param (/home/apps/applications/gui-server/ysa-mis/node_modules/express/lib/router/layer.js:172:12)
    at Layer.match (/home/apps/applications/gui-server/ysa-mis/node_modules/express/lib/router/layer.js:123:27)
    at matchLayer (/home/apps/applications/gui-server/ysa-mis/node_modules/express/lib/router/index.js:574:18)
    at next (/home/apps/applications/gui-server/ysa-mis/node_modules/express/lib/router/index.js:220:15)
    at /home/apps/applications/gui-server/ysa-mis/src/server.js:23:3
    at Layer.handle [as handle_request] (/home/apps/applications/gui-server/ysa-mis/node_modules/express/lib/router/layer.js:95:5)
    at trim_prefix (/home/apps/applications/gui-server/ysa-mis/node_modules/express/lib/router/index.js:317:13)
    at /home/apps/applications/gui-server/ysa-mis/node_modules/express/lib/router/index.js:284:7
    at Function.process_params (/home/apps/applications/gui-server/ysa-mis/node_modules/express/lib/router/index.js:335:12)
URIError: Failed to decode param '/images/%c0%ae%c0%ae/%c0%ae%c0%ae/%c0%ae%c0%ae/%c0%ae%c0%ae/%c0%ae%c0%ae/%c0%ae%c0%ae/%c0%ae%c0%ae/%c0%ae%c0%ae/%c0%ae%c0%ae/%c0%ae%c0%ae/%c0%ae%c0%ae/%c0%ae%c0%ae/boot.ini'
    at decodeURIComponent (<anonymous>)
    at decode_param (/home/apps/applications/gui-server/ysa-mis/node_modules/express/lib/router/layer.js:172:12)
    at Layer.match (/home/apps/applications/gui-server/ysa-mis/node_modules/express/lib/router/layer.js:123:27)
    at matchLayer (/home/apps/applications/gui-server/ysa-mis/node_modules/express/lib/router/index.js:574:18)
    at next (/home/apps/applications/gui-server/ysa-mis/node_modules/express/lib/router/index.js:220:15)
    at /home/apps/applications/gui-server/ysa-mis/src/server.js:23:3
    at Layer.handle [as handle_request] (/home/apps/applications/gui-server/ysa-mis/node_modules/express/lib/router/layer.js:95:5)
    at trim_prefix (/home/apps/applications/gui-server/ysa-mis/node_modules/express/lib/router/index.js:317:13)
    at /home/apps/applications/gui-server/ysa-mis/node_modules/express/lib/router/index.js:284:7
    at Function.process_params (/home/apps/applications/gui-server/ysa-mis/node_modules/express/lib/router/index.js:335:12)
URIError: Failed to decode param '/images/%c0%ae%c0%ae/%c0%ae%c0%ae/%c0%ae%c0%ae/%c0%ae%c0%ae/%c0%ae%c0%ae/%c0%ae%c0%ae/%c0%ae%c0%ae/%c0%ae%c0%ae/%c0%ae%c0%ae/%c0%ae%c0%ae/%c0%ae%c0%ae/%c0%ae%c0%ae/etc/passwd'
    at decodeURIComponent (<anonymous>)
    at decode_param (/home/apps/applications/gui-server/ysa-mis/node_modules/express/lib/router/layer.js:172:12)
    at Layer.match (/home/apps/applications/gui-server/ysa-mis/node_modules/express/lib/router/layer.js:123:27)
    at matchLayer (/home/apps/applications/gui-server/ysa-mis/node_modules/express/lib/router/index.js:574:18)
    at next (/home/apps/applications/gui-server/ysa-mis/node_modules/express/lib/router/index.js:220:15)
    at /home/apps/applications/gui-server/ysa-mis/src/server.js:23:3
    at Layer.handle [as handle_request] (/home/apps/applications/gui-server/ysa-mis/node_modules/express/lib/router/layer.js:95:5)
    at trim_prefix (/home/apps/applications/gui-server/ysa-mis/node_modules/express/lib/router/index.js:317:13)
    at /home/apps/applications/gui-server/ysa-mis/node_modules/express/lib/router/index.js:284:7
    at Function.process_params (/home/apps/applications/gui-server/ysa-mis/node_modules/express/lib/router/index.js:335:12)
URIError: Failed to decode param '/images/%e0%80%ae%e0%80%ae/%e0%80%ae%e0%80%ae/%e0%80%ae%e0%80%ae/%e0%80%ae%e0%80%ae/%e0%80%ae%e0%80%ae/%e0%80%ae%e0%80%ae/%e0%80%ae%e0%80%ae/%e0%80%ae%e0%80%ae/%e0%80%ae%e0%80%ae/%e0%80%ae%e0%80%ae/%e0%80%ae%e0%80%ae/%e0%80%ae%e0%80%ae/boot.ini'
    at decodeURIComponent (<anonymous>)
    at decode_param (/home/apps/applications/gui-server/ysa-mis/node_modules/express/lib/router/layer.js:172:12)
    at Layer.match (/home/apps/applications/gui-server/ysa-mis/node_modules/express/lib/router/layer.js:123:27)
    at matchLayer (/home/apps/applications/gui-server/ysa-mis/node_modules/express/lib/router/index.js:574:18)
    at next (/home/apps/applications/gui-server/ysa-mis/node_modules/express/lib/router/index.js:220:15)
    at /home/apps/applications/gui-server/ysa-mis/src/server.js:23:3
    at Layer.handle [as handle_request] (/home/apps/applications/gui-server/ysa-mis/node_modules/express/lib/router/layer.js:95:5)
    at trim_prefix (/home/apps/applications/gui-server/ysa-mis/node_modules/express/lib/router/index.js:317:13)
    at /home/apps/applications/gui-server/ysa-mis/node_modules/express/lib/router/index.js:284:7
    at Function.process_params (/home/apps/applications/gui-server/ysa-mis/node_modules/express/lib/router/index.js:335:12)
URIError: Failed to decode param '/images/%e0%80%ae%e0%80%ae/%e0%80%ae%e0%80%ae/%e0%80%ae%e0%80%ae/%e0%80%ae%e0%80%ae/%e0%80%ae%e0%80%ae/%e0%80%ae%e0%80%ae/%e0%80%ae%e0%80%ae/%e0%80%ae%e0%80%ae/%e0%80%ae%e0%80%ae/%e0%80%ae%e0%80%ae/%e0%80%ae%e0%80%ae/%e0%80%ae%e0%80%ae/etc/passwd'
    at decodeURIComponent (<anonymous>)
    at decode_param (/home/apps/applications/gui-server/ysa-mis/node_modules/express/lib/router/layer.js:172:12)
    at Layer.match (/home/apps/applications/gui-server/ysa-mis/node_modules/express/lib/router/layer.js:123:27)
    at matchLayer (/home/apps/applications/gui-server/ysa-mis/node_modules/express/lib/router/index.js:574:18)
    at next (/home/apps/applications/gui-server/ysa-mis/node_modules/express/lib/router/index.js:220:15)
    at /home/apps/applications/gui-server/ysa-mis/src/server.js:23:3
    at Layer.handle [as handle_request] (/home/apps/applications/gui-server/ysa-mis/node_modules/express/lib/router/layer.js:95:5)
    at trim_prefix (/home/apps/applications/gui-server/ysa-mis/node_modules/express/lib/router/index.js:317:13)
    at /home/apps/applications/gui-server/ysa-mis/node_modules/express/lib/router/index.js:284:7
    at Function.process_params (/home/apps/applications/gui-server/ysa-mis/node_modules/express/lib/router/index.js:335:12)
URIError: Failed to decode param '/images/%f0%80%80%ae%f0%80%80%ae/%f0%80%80%ae%f0%80%80%ae/%f0%80%80%ae%f0%80%80%ae/%f0%80%80%ae%f0%80%80%ae/%f0%80%80%ae%f0%80%80%ae/%f0%80%80%ae%f0%80%80%ae/%f0%80%80%ae%f0%80%80%ae/%f0%80%80%ae%f0%80%80%ae/%f0%80%80%ae%f0%80%80%ae/%f0%80%80%ae%f0%80%80%ae/%f0%80%80%ae%f0%80%80%ae/%f0%80%80%ae%f0%80%80%ae/boot.ini'
    at decodeURIComponent (<anonymous>)
    at decode_param (/home/apps/applications/gui-server/ysa-mis/node_modules/express/lib/router/layer.js:172:12)
    at Layer.match (/home/apps/applications/gui-server/ysa-mis/node_modules/express/lib/router/layer.js:123:27)
    at matchLayer (/home/apps/applications/gui-server/ysa-mis/node_modules/express/lib/router/index.js:574:18)
    at next (/home/apps/applications/gui-server/ysa-mis/node_modules/express/lib/router/index.js:220:15)
    at /home/apps/applications/gui-server/ysa-mis/src/server.js:23:3
    at Layer.handle [as handle_request] (/home/apps/applications/gui-server/ysa-mis/node_modules/express/lib/router/layer.js:95:5)
    at trim_prefix (/home/apps/applications/gui-server/ysa-mis/node_modules/express/lib/router/index.js:317:13)
    at /home/apps/applications/gui-server/ysa-mis/node_modules/express/lib/router/index.js:284:7
    at Function.process_params (/home/apps/applications/gui-server/ysa-mis/node_modules/express/lib/router/index.js:335:12)
URIError: Failed to decode param '/images/%f0%80%80%ae%f0%80%80%ae/%f0%80%80%ae%f0%80%80%ae/%f0%80%80%ae%f0%80%80%ae/%f0%80%80%ae%f0%80%80%ae/%f0%80%80%ae%f0%80%80%ae/%f0%80%80%ae%f0%80%80%ae/%f0%80%80%ae%f0%80%80%ae/%f0%80%80%ae%f0%80%80%ae/%f0%80%80%ae%f0%80%80%ae/%f0%80%80%ae%f0%80%80%ae/%f0%80%80%ae%f0%80%80%ae/%f0%80%80%ae%f0%80%80%ae/etc/passwd'
    at decodeURIComponent (<anonymous>)
    at decode_param (/home/apps/applications/gui-server/ysa-mis/node_modules/express/lib/router/layer.js:172:12)
    at Layer.match (/home/apps/applications/gui-server/ysa-mis/node_modules/express/lib/router/layer.js:123:27)
    at matchLayer (/home/apps/applications/gui-server/ysa-mis/node_modules/express/lib/router/index.js:574:18)
    at next (/home/apps/applications/gui-server/ysa-mis/node_modules/express/lib/router/index.js:220:15)
    at /home/apps/applications/gui-server/ysa-mis/src/server.js:23:3
    at Layer.handle [as handle_request] (/home/apps/applications/gui-server/ysa-mis/node_modules/express/lib/router/layer.js:95:5)
    at trim_prefix (/home/apps/applications/gui-server/ysa-mis/node_modules/express/lib/router/index.js:317:13)
    at /home/apps/applications/gui-server/ysa-mis/node_modules/express/lib/router/index.js:284:7
    at Function.process_params (/home/apps/applications/gui-server/ysa-mis/node_modules/express/lib/router/index.js:335:12)
URIError: Failed to decode param '/images/%f8%80%80%80%ae%f8%80%80%80%ae/%f8%80%80%80%ae%f8%80%80%80%ae/%f8%80%80%80%ae%f8%80%80%80%ae/%f8%80%80%80%ae%f8%80%80%80%ae/%f8%80%80%80%ae%f8%80%80%80%ae/%f8%80%80%80%ae%f8%80%80%80%ae/%f8%80%80%80%ae%f8%80%80%80%ae/%f8%80%80%80%ae%f8%80%80%80%ae/%f8%80%80%80%ae%f8%80%80%80%ae/%f8%80%80%80%ae%f8%80%80%80%ae/%f8%80%80%80%ae%f8%80%80%80%ae/%f8%80%80%80%ae%f8%80%80%80%ae/boot.ini'
    at decodeURIComponent (<anonymous>)
    at decode_param (/home/apps/applications/gui-server/ysa-mis/node_modules/express/lib/router/layer.js:172:12)
    at Layer.match (/home/apps/applications/gui-server/ysa-mis/node_modules/express/lib/router/layer.js:123:27)
    at matchLayer (/home/apps/applications/gui-server/ysa-mis/node_modules/express/lib/router/index.js:574:18)
    at next (/home/apps/applications/gui-server/ysa-mis/node_modules/express/lib/router/index.js:220:15)
    at /home/apps/applications/gui-server/ysa-mis/src/server.js:23:3
    at Layer.handle [as handle_request] (/home/apps/applications/gui-server/ysa-mis/node_modules/express/lib/router/layer.js:95:5)
    at trim_prefix (/home/apps/applications/gui-server/ysa-mis/node_modules/express/lib/router/index.js:317:13)
    at /home/apps/applications/gui-server/ysa-mis/node_modules/express/lib/router/index.js:284:7
    at Function.process_params (/home/apps/applications/gui-server/ysa-mis/node_modules/express/lib/router/index.js:335:12)
URIError: Failed to decode param '/images/%f8%80%80%80%ae%f8%80%80%80%ae/%f8%80%80%80%ae%f8%80%80%80%ae/%f8%80%80%80%ae%f8%80%80%80%ae/%f8%80%80%80%ae%f8%80%80%80%ae/%f8%80%80%80%ae%f8%80%80%80%ae/%f8%80%80%80%ae%f8%80%80%80%ae/%f8%80%80%80%ae%f8%80%80%80%ae/%f8%80%80%80%ae%f8%80%80%80%ae/%f8%80%80%80%ae%f8%80%80%80%ae/%f8%80%80%80%ae%f8%80%80%80%ae/%f8%80%80%80%ae%f8%80%80%80%ae/%f8%80%80%80%ae%f8%80%80%80%ae/etc/passwd'
    at decodeURIComponent (<anonymous>)
    at decode_param (/home/apps/applications/gui-server/ysa-mis/node_modules/express/lib/router/layer.js:172:12)
    at Layer.match (/home/apps/applications/gui-server/ysa-mis/node_modules/express/lib/router/layer.js:123:27)
    at matchLayer (/home/apps/applications/gui-server/ysa-mis/node_modules/express/lib/router/index.js:574:18)
    at next (/home/apps/applications/gui-server/ysa-mis/node_modules/express/lib/router/index.js:220:15)
    at /home/apps/applications/gui-server/ysa-mis/src/server.js:23:3
    at Layer.handle [as handle_request] (/home/apps/applications/gui-server/ysa-mis/node_modules/express/lib/router/layer.js:95:5)
    at trim_prefix (/home/apps/applications/gui-server/ysa-mis/node_modules/express/lib/router/index.js:317:13)
    at /home/apps/applications/gui-server/ysa-mis/node_modules/express/lib/router/index.js:284:7
    at Function.process_params (/home/apps/applications/gui-server/ysa-mis/node_modules/express/lib/router/index.js:335:12)
URIError: Failed to decode param '/images/%c0%ae%c0%ae/%c0%ae%c0%ae/%c0%ae%c0%ae/%c0%ae%c0%ae/%c0%ae%c0%ae/%c0%ae%c0%ae/%c0%ae%c0%ae/%c0%ae%c0%ae/%c0%ae%c0%ae/%c0%ae%c0%ae/%c0%ae%c0%ae/%c0%ae%c0%ae/boot.ini'
    at decodeURIComponent (<anonymous>)
    at decode_param (/home/apps/applications/gui-server/ysa-mis/node_modules/express/lib/router/layer.js:172:12)
    at Layer.match (/home/apps/applications/gui-server/ysa-mis/node_modules/express/lib/router/layer.js:123:27)
    at matchLayer (/home/apps/applications/gui-server/ysa-mis/node_modules/express/lib/router/index.js:574:18)
    at next (/home/apps/applications/gui-server/ysa-mis/node_modules/express/lib/router/index.js:220:15)
    at /home/apps/applications/gui-server/ysa-mis/src/server.js:23:3
    at Layer.handle [as handle_request] (/home/apps/applications/gui-server/ysa-mis/node_modules/express/lib/router/layer.js:95:5)
    at trim_prefix (/home/apps/applications/gui-server/ysa-mis/node_modules/express/lib/router/index.js:317:13)
    at /home/apps/applications/gui-server/ysa-mis/node_modules/express/lib/router/index.js:284:7
    at Function.process_params (/home/apps/applications/gui-server/ysa-mis/node_modules/express/lib/router/index.js:335:12)
URIError: Failed to decode param '/images/%c0%ae%c0%ae/%c0%ae%c0%ae/%c0%ae%c0%ae/%c0%ae%c0%ae/%c0%ae%c0%ae/%c0%ae%c0%ae/%c0%ae%c0%ae/%c0%ae%c0%ae/%c0%ae%c0%ae/%c0%ae%c0%ae/%c0%ae%c0%ae/%c0%ae%c0%ae/etc/passwd'
    at decodeURIComponent (<anonymous>)
    at decode_param (/home/apps/applications/gui-server/ysa-mis/node_modules/express/lib/router/layer.js:172:12)
    at Layer.match (/home/apps/applications/gui-server/ysa-mis/node_modules/express/lib/router/layer.js:123:27)
    at matchLayer (/home/apps/applications/gui-server/ysa-mis/node_modules/express/lib/router/index.js:574:18)
    at next (/home/apps/applications/gui-server/ysa-mis/node_modules/express/lib/router/index.js:220:15)
    at /home/apps/applications/gui-server/ysa-mis/src/server.js:23:3
    at Layer.handle [as handle_request] (/home/apps/applications/gui-server/ysa-mis/node_modules/express/lib/router/layer.js:95:5)
    at trim_prefix (/home/apps/applications/gui-server/ysa-mis/node_modules/express/lib/router/index.js:317:13)
    at /home/apps/applications/gui-server/ysa-mis/node_modules/express/lib/router/index.js:284:7
    at Function.process_params (/home/apps/applications/gui-server/ysa-mis/node_modules/express/lib/router/index.js:335:12)
URIError: Failed to decode param '/images/%e0%80%ae%e0%80%ae/%e0%80%ae%e0%80%ae/%e0%80%ae%e0%80%ae/%e0%80%ae%e0%80%ae/%e0%80%ae%e0%80%ae/%e0%80%ae%e0%80%ae/%e0%80%ae%e0%80%ae/%e0%80%ae%e0%80%ae/%e0%80%ae%e0%80%ae/%e0%80%ae%e0%80%ae/%e0%80%ae%e0%80%ae/%e0%80%ae%e0%80%ae/boot.ini'
    at decodeURIComponent (<anonymous>)
    at decode_param (/home/apps/applications/gui-server/ysa-mis/node_modules/express/lib/router/layer.js:172:12)
    at Layer.match (/home/apps/applications/gui-server/ysa-mis/node_modules/express/lib/router/layer.js:123:27)
    at matchLayer (/home/apps/applications/gui-server/ysa-mis/node_modules/express/lib/router/index.js:574:18)
    at next (/home/apps/applications/gui-server/ysa-mis/node_modules/express/lib/router/index.js:220:15)
    at /home/apps/applications/gui-server/ysa-mis/src/server.js:23:3
    at Layer.handle [as handle_request] (/home/apps/applications/gui-server/ysa-mis/node_modules/express/lib/router/layer.js:95:5)
    at trim_prefix (/home/apps/applications/gui-server/ysa-mis/node_modules/express/lib/router/index.js:317:13)
    at /home/apps/applications/gui-server/ysa-mis/node_modules/express/lib/router/index.js:284:7
    at Function.process_params (/home/apps/applications/gui-server/ysa-mis/node_modules/express/lib/router/index.js:335:12)
URIError: Failed to decode param '/images/%e0%80%ae%e0%80%ae/%e0%80%ae%e0%80%ae/%e0%80%ae%e0%80%ae/%e0%80%ae%e0%80%ae/%e0%80%ae%e0%80%ae/%e0%80%ae%e0%80%ae/%e0%80%ae%e0%80%ae/%e0%80%ae%e0%80%ae/%e0%80%ae%e0%80%ae/%e0%80%ae%e0%80%ae/%e0%80%ae%e0%80%ae/%e0%80%ae%e0%80%ae/etc/passwd'
    at decodeURIComponent (<anonymous>)
    at decode_param (/home/apps/applications/gui-server/ysa-mis/node_modules/express/lib/router/layer.js:172:12)
    at Layer.match (/home/apps/applications/gui-server/ysa-mis/node_modules/express/lib/router/layer.js:123:27)
    at matchLayer (/home/apps/applications/gui-server/ysa-mis/node_modules/express/lib/router/index.js:574:18)
    at next (/home/apps/applications/gui-server/ysa-mis/node_modules/express/lib/router/index.js:220:15)
    at /home/apps/applications/gui-server/ysa-mis/src/server.js:23:3
    at Layer.handle [as handle_request] (/home/apps/applications/gui-server/ysa-mis/node_modules/express/lib/router/layer.js:95:5)
    at trim_prefix (/home/apps/applications/gui-server/ysa-mis/node_modules/express/lib/router/index.js:317:13)
    at /home/apps/applications/gui-server/ysa-mis/node_modules/express/lib/router/index.js:284:7
    at Function.process_params (/home/apps/applications/gui-server/ysa-mis/node_modules/express/lib/router/index.js:335:12)
URIError: Failed to decode param '/images/%f0%80%80%ae%f0%80%80%ae/%f0%80%80%ae%f0%80%80%ae/%f0%80%80%ae%f0%80%80%ae/%f0%80%80%ae%f0%80%80%ae/%f0%80%80%ae%f0%80%80%ae/%f0%80%80%ae%f0%80%80%ae/%f0%80%80%ae%f0%80%80%ae/%f0%80%80%ae%f0%80%80%ae/%f0%80%80%ae%f0%80%80%ae/%f0%80%80%ae%f0%80%80%ae/%f0%80%80%ae%f0%80%80%ae/%f0%80%80%ae%f0%80%80%ae/boot.ini'
    at decodeURIComponent (<anonymous>)
    at decode_param (/home/apps/applications/gui-server/ysa-mis/node_modules/express/lib/router/layer.js:172:12)
    at Layer.match (/home/apps/applications/gui-server/ysa-mis/node_modules/express/lib/router/layer.js:123:27)
    at matchLayer (/home/apps/applications/gui-server/ysa-mis/node_modules/express/lib/router/index.js:574:18)
    at next (/home/apps/applications/gui-server/ysa-mis/node_modules/express/lib/router/index.js:220:15)
    at /home/apps/applications/gui-server/ysa-mis/src/server.js:23:3
    at Layer.handle [as handle_request] (/home/apps/applications/gui-server/ysa-mis/node_modules/express/lib/router/layer.js:95:5)
    at trim_prefix (/home/apps/applications/gui-server/ysa-mis/node_modules/express/lib/router/index.js:317:13)
    at /home/apps/applications/gui-server/ysa-mis/node_modules/express/lib/router/index.js:284:7
    at Function.process_params (/home/apps/applications/gui-server/ysa-mis/node_modules/express/lib/router/index.js:335:12)
URIError: Failed to decode param '/images/%f0%80%80%ae%f0%80%80%ae/%f0%80%80%ae%f0%80%80%ae/%f0%80%80%ae%f0%80%80%ae/%f0%80%80%ae%f0%80%80%ae/%f0%80%80%ae%f0%80%80%ae/%f0%80%80%ae%f0%80%80%ae/%f0%80%80%ae%f0%80%80%ae/%f0%80%80%ae%f0%80%80%ae/%f0%80%80%ae%f0%80%80%ae/%f0%80%80%ae%f0%80%80%ae/%f0%80%80%ae%f0%80%80%ae/%f0%80%80%ae%f0%80%80%ae/etc/passwd'
    at decodeURIComponent (<anonymous>)
    at decode_param (/home/apps/applications/gui-server/ysa-mis/node_modules/express/lib/router/layer.js:172:12)
    at Layer.match (/home/apps/applications/gui-server/ysa-mis/node_modules/express/lib/router/layer.js:123:27)
    at matchLayer (/home/apps/applications/gui-server/ysa-mis/node_modules/express/lib/router/index.js:574:18)
    at next (/home/apps/applications/gui-server/ysa-mis/node_modules/express/lib/router/index.js:220:15)
    at /home/apps/applications/gui-server/ysa-mis/src/server.js:23:3
    at Layer.handle [as handle_request] (/home/apps/applications/gui-server/ysa-mis/node_modules/express/lib/router/layer.js:95:5)
    at trim_prefix (/home/apps/applications/gui-server/ysa-mis/node_modules/express/lib/router/index.js:317:13)
    at /home/apps/applications/gui-server/ysa-mis/node_modules/express/lib/router/index.js:284:7
    at Function.process_params (/home/apps/applications/gui-server/ysa-mis/node_modules/express/lib/router/index.js:335:12)
URIError: Failed to decode param '/images/%f8%80%80%80%ae%f8%80%80%80%ae/%f8%80%80%80%ae%f8%80%80%80%ae/%f8%80%80%80%ae%f8%80%80%80%ae/%f8%80%80%80%ae%f8%80%80%80%ae/%f8%80%80%80%ae%f8%80%80%80%ae/%f8%80%80%80%ae%f8%80%80%80%ae/%f8%80%80%80%ae%f8%80%80%80%ae/%f8%80%80%80%ae%f8%80%80%80%ae/%f8%80%80%80%ae%f8%80%80%80%ae/%f8%80%80%80%ae%f8%80%80%80%ae/%f8%80%80%80%ae%f8%80%80%80%ae/%f8%80%80%80%ae%f8%80%80%80%ae/boot.ini'
    at decodeURIComponent (<anonymous>)
    at decode_param (/home/apps/applications/gui-server/ysa-mis/node_modules/express/lib/router/layer.js:172:12)
    at Layer.match (/home/apps/applications/gui-server/ysa-mis/node_modules/express/lib/router/layer.js:123:27)
    at matchLayer (/home/apps/applications/gui-server/ysa-mis/node_modules/express/lib/router/index.js:574:18)
    at next (/home/apps/applications/gui-server/ysa-mis/node_modules/express/lib/router/index.js:220:15)
    at /home/apps/applications/gui-server/ysa-mis/src/server.js:23:3
    at Layer.handle [as handle_request] (/home/apps/applications/gui-server/ysa-mis/node_modules/express/lib/router/layer.js:95:5)
    at trim_prefix (/home/apps/applications/gui-server/ysa-mis/node_modules/express/lib/router/index.js:317:13)
    at /home/apps/applications/gui-server/ysa-mis/node_modules/express/lib/router/index.js:284:7
    at Function.process_params (/home/apps/applications/gui-server/ysa-mis/node_modules/express/lib/router/index.js:335:12)
URIError: Failed to decode param '/images/%f8%80%80%80%ae%f8%80%80%80%ae/%f8%80%80%80%ae%f8%80%80%80%ae/%f8%80%80%80%ae%f8%80%80%80%ae/%f8%80%80%80%ae%f8%80%80%80%ae/%f8%80%80%80%ae%f8%80%80%80%ae/%f8%80%80%80%ae%f8%80%80%80%ae/%f8%80%80%80%ae%f8%80%80%80%ae/%f8%80%80%80%ae%f8%80%80%80%ae/%f8%80%80%80%ae%f8%80%80%80%ae/%f8%80%80%80%ae%f8%80%80%80%ae/%f8%80%80%80%ae%f8%80%80%80%ae/%f8%80%80%80%ae%f8%80%80%80%ae/etc/passwd'
    at decodeURIComponent (<anonymous>)
    at decode_param (/home/apps/applications/gui-server/ysa-mis/node_modules/express/lib/router/layer.js:172:12)
    at Layer.match (/home/apps/applications/gui-server/ysa-mis/node_modules/express/lib/router/layer.js:123:27)
    at matchLayer (/home/apps/applications/gui-server/ysa-mis/node_modules/express/lib/router/index.js:574:18)
    at next (/home/apps/applications/gui-server/ysa-mis/node_modules/express/lib/router/index.js:220:15)
    at /home/apps/applications/gui-server/ysa-mis/src/server.js:23:3
    at Layer.handle [as handle_request] (/home/apps/applications/gui-server/ysa-mis/node_modules/express/lib/router/layer.js:95:5)
    at trim_prefix (/home/apps/applications/gui-server/ysa-mis/node_modules/express/lib/router/index.js:317:13)
    at /home/apps/applications/gui-server/ysa-mis/node_modules/express/lib/router/index.js:284:7
    at Function.process_params (/home/apps/applications/gui-server/ysa-mis/node_modules/express/lib/router/index.js:335:12)

> genesis-mis@1.0.0 start /home/apps/applications/gui-server/ysa-mis
> NODE_ENV=production node ./src/server.js

Genesis listening at http://:::8080

> genesis-mis@1.0.0 start /home/apps/applications/gui-server/ysa-mis
> NODE_ENV=production node ./src/server.js

Genesis listening at http://:::8080

> genesis-mis@1.0.0 start /home/apps/applications/gui-server/ysa-mis
> NODE_ENV=production node ./src/server.js

Genesis listening at http://:::8080

> genesis-mis@1.0.0 start /home/apps/applications/gui-server/ysa-mis
> NODE_ENV=production node ./src/server.js

Genesis listening at http://:::8080

> genesis-mis@1.0.0 start /home/apps/applications/gui-server/ysa-mis
> NODE_ENV=production node ./src/server.js

Genesis listening at http://:::8080

> genesis-mis@1.0.0 start /home/apps/applications/gui-server/ysa-mis
> NODE_ENV=production node ./src/server.js

Genesis listening at http://:::8080

> genesis-mis@1.0.0 start /home/apps/applications/gui-server/ysa-mis
> NODE_ENV=production node ./src/server.js

Genesis listening at http://:::8080

> genesis-mis@1.0.0 start /home/apps/applications/gui-server/ysa-mis
> NODE_ENV=production node ./src/server.js

Genesis listening at http://:::8080

> genesis-mis@1.0.0 start /home/apps/applications/gui-server/ysa-mis
> NODE_ENV=production node ./src/server.js

Genesis listening at http://:::8080

> genesis-mis@1.0.0 start /home/apps/applications/gui-server/ysa-mis
> NODE_ENV=production node ./src/server.js

Genesis listening at http://:::8080

> genesis-mis@1.0.0 start /home/apps/applications/gui-server/ysa-mis
> NODE_ENV=production node ./src/server.js

Genesis listening at http://:::8080

> genesis-mis@1.0.0 start /home/apps/applications/gui-server/ysa-mis
> NODE_ENV=production node ./src/server.js

Genesis listening at http://:::8080

> genesis-mis@1.0.0 start /home/apps/applications/gui-server/ysa-mis
> NODE_ENV=production node ./src/server.js

Genesis listening at http://:::8080

> genesis-mis@1.0.0 start /home/apps/applications/gui-server/ysa-mis
> NODE_ENV=production node ./src/server.js

Genesis listening at http://:::8080

> genesis-mis@1.0.0 start /home/apps/applications/gui-server/ysa-mis
> NODE_ENV=production node ./src/server.js

Genesis listening at http://:::8080

> genesis-mis@1.0.0 start /home/apps/applications/gui-server/ysa-mis
> NODE_ENV=production node ./src/server.js

Genesis listening at http://:::8080

> genesis-mis@1.0.0 start /home/apps/applications/gui-server/ysa-mis
> NODE_ENV=production node ./src/server.js

Genesis listening at http://:::8080

> genesis-mis@1.0.0 start /home/apps/applications/gui-server/ysa-mis
> NODE_ENV=production node ./src/server.js

events.js:174
      throw er; // Unhandled 'error' event
      ^

Error: listen EADDRINUSE: address already in use :::8080
    at Server.setupListenHandle [as _listen2] (net.js:1280:14)
    at listenInCluster (net.js:1328:12)
    at Server.listen (net.js:1415:7)
    at Function.listen (/home/apps/applications/gui-server/ysa-mis/node_modules/express/lib/application.js:618:24)
    at Object.<anonymous> (/home/apps/applications/gui-server/ysa-mis/src/server.js:105:18)
    at Module._compile (internal/modules/cjs/loader.js:778:30)
    at Object.Module._extensions..js (internal/modules/cjs/loader.js:789:10)
    at Module.load (internal/modules/cjs/loader.js:653:32)
    at tryModuleLoad (internal/modules/cjs/loader.js:593:12)
    at Function.Module._load (internal/modules/cjs/loader.js:585:3)
Emitted 'error' event at:
    at emitErrorNT (net.js:1307:8)
    at process._tickCallback (internal/process/next_tick.js:63:19)
    at Function.Module.runMain (internal/modules/cjs/loader.js:834:11)
    at startup (internal/bootstrap/node.js:283:19)
    at bootstrapNodeJSCore (internal/bootstrap/node.js:623:3)
npm ERR! code ELIFECYCLE
npm ERR! errno 1
npm ERR! genesis-mis@1.0.0 start: `NODE_ENV=production node ./src/server.js`
npm ERR! Exit status 1
npm ERR! 
npm ERR! Failed at the genesis-mis@1.0.0 start script.
npm ERR! This is probably not a problem with npm. There is likely additional logging output above.

npm ERR! A complete log of this run can be found in:
npm ERR!     /home/apps/.npm/_logs/2021-08-04T09_29_00_572Z-debug.log

> genesis-mis@1.0.0 start /home/apps/applications/gui-server/ysa-mis
> NODE_ENV=production node ./src/server.js

Genesis listening at http://:::8080

> genesis-mis@1.0.0 start /home/apps/applications/gui-server/ysa-mis
> NODE_ENV=production node ./src/server.js

Genesis listening at http://:::8080

> genesis-mis@1.0.0 start /home/apps/applications/gui-server/ysa-mis
> NODE_ENV=production node ./src/server.js

events.js:174
      throw er; // Unhandled 'error' event
      ^

Error: listen EADDRINUSE: address already in use :::8080
    at Server.setupListenHandle [as _listen2] (net.js:1280:14)
    at listenInCluster (net.js:1328:12)
    at Server.listen (net.js:1415:7)
    at Function.listen (/home/apps/applications/gui-server/ysa-mis/node_modules/express/lib/application.js:618:24)
    at Object.<anonymous> (/home/apps/applications/gui-server/ysa-mis/src/server.js:105:18)
    at Module._compile (internal/modules/cjs/loader.js:778:30)
    at Object.Module._extensions..js (internal/modules/cjs/loader.js:789:10)
    at Module.load (internal/modules/cjs/loader.js:653:32)
    at tryModuleLoad (internal/modules/cjs/loader.js:593:12)
    at Function.Module._load (internal/modules/cjs/loader.js:585:3)
Emitted 'error' event at:
    at emitErrorNT (net.js:1307:8)
    at process._tickCallback (internal/process/next_tick.js:63:19)
    at Function.Module.runMain (internal/modules/cjs/loader.js:834:11)
    at startup (internal/bootstrap/node.js:283:19)
    at bootstrapNodeJSCore (internal/bootstrap/node.js:623:3)
npm ERR! code ELIFECYCLE
npm ERR! errno 1
npm ERR! genesis-mis@1.0.0 start: `NODE_ENV=production node ./src/server.js`
npm ERR! Exit status 1
npm ERR! 
npm ERR! Failed at the genesis-mis@1.0.0 start script.
npm ERR! This is probably not a problem with npm. There is likely additional logging output above.

npm ERR! A complete log of this run can be found in:
npm ERR!     /home/apps/.npm/_logs/2021-08-16T13_36_05_977Z-debug.log

> genesis-mis@1.0.0 start /home/apps/applications/gui-server/ysa-mis
> NODE_ENV=production node ./src/server.js

Genesis listening at http://:::8080

> genesis-mis@1.0.0 start /home/apps/applications/gui-server/ysa-mis
> NODE_ENV=production node ./src/server.js

Genesis listening at http://:::8080

> genesis-mis@1.0.0 start /home/apps/applications/gui-server/ysa-mis
> NODE_ENV=production node ./src/server.js

Genesis listening at http://:::8080

> genesis-mis@1.0.0 start /home/apps/applications/gui-server/ysa-mis
> NODE_ENV=production node ./src/server.js

Genesis listening at http://:::8080

> genesis-mis@1.0.0 start /home/apps/applications/gui-server/ysa-mis
> NODE_ENV=production node ./src/server.js

Genesis listening at http://:::8080

> genesis-mis@1.0.0 start /home/apps/applications/gui-server/ysa-mis
> NODE_ENV=production node ./src/server.js

Genesis listening at http://:::8080

> genesis-mis@1.0.0 start /home/apps/applications/gui-server/ysa-mis
> NODE_ENV=production node ./src/server.js

Genesis listening at http://:::8080

> genesis-mis@1.0.0 start /home/apps/applications/gui-server/ysa-mis
> NODE_ENV=production node ./src/server.js

Genesis listening at http://:::8080

> genesis-mis@1.0.0 start /home/apps/applications/gui-server/ysa-mis
> NODE_ENV=production node ./src/server.js

Genesis listening at http://:::8080

> genesis-mis@1.0.0 start /home/apps/applications/gui-server/ysa-mis
> NODE_ENV=production node ./src/server.js

Genesis listening at http://:::8080

> genesis-mis@1.0.0 start /home/apps/applications/gui-server/ysa-mis
> NODE_ENV=production node ./src/server.js

Genesis listening at http://:::8080

> genesis-mis@1.0.0 start /home/apps/applications/gui-server/ysa-mis
> NODE_ENV=production node ./src/server.js

Genesis listening at http://:::8080

> genesis-mis@1.0.0 start /home/apps/applications/gui-server/ysa-mis
> NODE_ENV=production node ./src/server.js

Genesis listening at http://:::8080

> genesis-mis@1.0.0 start /home/apps/applications/gui-server/ysa-mis
> NODE_ENV=production node ./src/server.js

Genesis listening at http://:::8080

> genesis-mis@1.0.0 start /home/apps/applications/gui-server/ysa-mis
> NODE_ENV=production node ./src/server.js

Genesis listening at http://:::8080

> genesis-mis@1.0.0 start /home/apps/applications/gui-server/ysa-mis
> NODE_ENV=production node ./src/server.js

Genesis listening at http://:::8080

> genesis-mis@1.0.0 start /home/apps/applications/gui-server/ysa-mis
> NODE_ENV=production node ./src/server.js

Genesis listening at http://:::8080

> genesis-mis@1.0.0 start /home/apps/applications/gui-server/ysa-mis
> NODE_ENV=production node ./src/server.js

Genesis listening at http://:::8080

> genesis-mis@1.0.0 start /home/apps/applications/gui-server/ysa-mis
> NODE_ENV=production node ./src/server.js

Genesis listening at http://:::8080

> genesis-mis@1.0.0 start /home/apps/applications/gui-server/ysa-mis
> NODE_ENV=production node ./src/server.js

Genesis listening at http://:::8080

> genesis-mis@1.0.0 start /home/apps/applications/gui-server/ysa-mis
> NODE_ENV=production node ./src/server.js

Genesis listening at http://:::8080

> genesis-mis@1.0.0 start /home/apps/applications/gui-server/ysa-mis
> NODE_ENV=production node ./src/server.js

Genesis listening at http://:::8080
URIError: Failed to decode param '/cgi-bin/%%32%65%%32%65/%%32%65%%32%65/%%32%65%%32%65/%%32%65%%32%65/%%32%65%%32%65/%%32%65%%32%65/etc/passwd'
    at decodeURIComponent (<anonymous>)
    at decode_param (/home/apps/applications/gui-server/ysa-mis/node_modules/express/lib/router/layer.js:172:12)
    at Layer.match (/home/apps/applications/gui-server/ysa-mis/node_modules/express/lib/router/layer.js:123:27)
    at matchLayer (/home/apps/applications/gui-server/ysa-mis/node_modules/express/lib/router/index.js:574:18)
    at next (/home/apps/applications/gui-server/ysa-mis/node_modules/express/lib/router/index.js:220:15)
    at /home/apps/applications/gui-server/ysa-mis/src/server.js:23:3
    at Layer.handle [as handle_request] (/home/apps/applications/gui-server/ysa-mis/node_modules/express/lib/router/layer.js:95:5)
    at trim_prefix (/home/apps/applications/gui-server/ysa-mis/node_modules/express/lib/router/index.js:317:13)
    at /home/apps/applications/gui-server/ysa-mis/node_modules/express/lib/router/index.js:284:7
    at Function.process_params (/home/apps/applications/gui-server/ysa-mis/node_modules/express/lib/router/index.js:335:12)
URIError: Failed to decode param '/cgi-bin/%%32%65%%32%65/%%32%65%%32%65/%%32%65%%32%65/%%32%65%%32%65/%%32%65%%32%65/%%32%65%%32%65/bin/sh'
    at decodeURIComponent (<anonymous>)
    at decode_param (/home/apps/applications/gui-server/ysa-mis/node_modules/express/lib/router/layer.js:172:12)
    at Layer.match (/home/apps/applications/gui-server/ysa-mis/node_modules/express/lib/router/layer.js:123:27)
    at matchLayer (/home/apps/applications/gui-server/ysa-mis/node_modules/express/lib/router/index.js:574:18)
    at next (/home/apps/applications/gui-server/ysa-mis/node_modules/express/lib/router/index.js:220:15)
    at /home/apps/applications/gui-server/ysa-mis/src/server.js:23:3
    at Layer.handle [as handle_request] (/home/apps/applications/gui-server/ysa-mis/node_modules/express/lib/router/layer.js:95:5)
    at trim_prefix (/home/apps/applications/gui-server/ysa-mis/node_modules/express/lib/router/index.js:317:13)
    at /home/apps/applications/gui-server/ysa-mis/node_modules/express/lib/router/index.js:284:7
    at Function.process_params (/home/apps/applications/gui-server/ysa-mis/node_modules/express/lib/router/index.js:335:12)

> genesis-mis@1.0.0 start /home/apps/applications/gui-server/ysa-mis
> NODE_ENV=production node ./src/server.js

Genesis listening at http://:::8080

> genesis-mis@1.0.0 start /home/apps/applications/gui-server/ysa-mis
> NODE_ENV=production node ./src/server.js

events.js:174
      throw er; // Unhandled 'error' event
      ^

Error: listen EADDRINUSE: address already in use :::8080
    at Server.setupListenHandle [as _listen2] (net.js:1280:14)
    at listenInCluster (net.js:1328:12)
    at Server.listen (net.js:1415:7)
    at Function.listen (/home/apps/applications/gui-server/ysa-mis/node_modules/express/lib/application.js:618:24)
    at Object.<anonymous> (/home/apps/applications/gui-server/ysa-mis/src/server.js:105:18)
    at Module._compile (internal/modules/cjs/loader.js:778:30)
    at Object.Module._extensions..js (internal/modules/cjs/loader.js:789:10)
    at Module.load (internal/modules/cjs/loader.js:653:32)
    at tryModuleLoad (internal/modules/cjs/loader.js:593:12)
    at Function.Module._load (internal/modules/cjs/loader.js:585:3)
Emitted 'error' event at:
    at emitErrorNT (net.js:1307:8)
    at process._tickCallback (internal/process/next_tick.js:63:19)
    at Function.Module.runMain (internal/modules/cjs/loader.js:834:11)
    at startup (internal/bootstrap/node.js:283:19)
    at bootstrapNodeJSCore (internal/bootstrap/node.js:623:3)
npm ERR! code ELIFECYCLE
npm ERR! errno 1
npm ERR! genesis-mis@1.0.0 start: `NODE_ENV=production node ./src/server.js`
npm ERR! Exit status 1
npm ERR! 
npm ERR! Failed at the genesis-mis@1.0.0 start script.
npm ERR! This is probably not a problem with npm. There is likely additional logging output above.

npm ERR! A complete log of this run can be found in:
npm ERR!     /home/apps/.npm/_logs/2021-11-09T05_32_56_665Z-debug.log

> genesis-mis@1.0.0 start /home/apps/applications/gui-server/ysa-mis
> NODE_ENV=production node ./src/server.js

Genesis listening at http://:::8080

> genesis-mis@1.0.0 start /home/apps/applications/gui-server/ysa-mis
> NODE_ENV=production node ./src/server.js

Genesis listening at http://:::8080

> genesis-mis@1.0.0 start /home/apps/applications/gui-server/ysa-mis
> NODE_ENV=production node ./src/server.js

Genesis listening at http://:::8080

> genesis-mis@1.0.0 start /home/apps/applications/gui-server/ysa-mis
> NODE_ENV=production node ./src/server.js

Genesis listening at http://:::8080

> genesis-mis@1.0.0 start /home/apps/applications/gui-server/ysa-mis
> NODE_ENV=production node ./src/server.js

Genesis listening at http://:::8080

> genesis-mis@1.0.0 start /home/apps/applications/gui-server/ysa-mis
> NODE_ENV=production node ./src/server.js

Genesis listening at http://:::8080

> genesis-mis@1.0.0 start /home/apps/applications/gui-server/ysa-mis
> NODE_ENV=production node ./src/server.js

Genesis listening at http://:::8080

> genesis-mis@1.0.0 start /home/apps/applications/gui-server/ysa-mis
> NODE_ENV=production node ./src/server.js

Genesis listening at http://:::8080

> genesis-mis@1.0.0 start /home/apps/applications/gui-server/ysa-mis
> NODE_ENV=production node ./src/server.js

Genesis listening at http://:::8080

> genesis-mis@1.0.0 start /home/apps/applications/gui-server/ysa-mis
> NODE_ENV=production node ./src/server.js

Genesis listening at http://:::8080

> genesis-mis@1.0.0 start /home/apps/applications/gui-server/ysa-mis
> NODE_ENV=production node ./src/server.js

Genesis listening at http://:::8080

> genesis-mis@1.0.0 start /home/apps/applications/gui-server/ysa-mis
> NODE_ENV=production node ./src/server.js

Genesis listening at http://:::8080

> genesis-mis@1.0.0 start /home/apps/applications/gui-server/ysa-mis
> NODE_ENV=production node ./src/server.js

Genesis listening at http://:::8080

> genesis-mis@1.0.0 start /home/apps/applications/gui-server/ysa-mis
> NODE_ENV=production node ./src/server.js

Genesis listening at http://:::8080

> genesis-mis@1.0.0 start /home/apps/applications/gui-server/ysa-mis
> NODE_ENV=production node ./src/server.js

Genesis listening at http://:::8080

> genesis-mis@1.0.0 start /home/apps/applications/gui-server/ysa-mis
> NODE_ENV=production node ./src/server.js

Genesis listening at http://:::8080

> genesis-mis@1.0.0 start /home/apps/applications/gui-server/ysa-mis
> NODE_ENV=production node ./src/server.js

Genesis listening at http://:::8080

> genesis-mis@1.0.0 start /home/apps/applications/gui-server/ysa-mis
> NODE_ENV=production node ./src/server.js

events.js:174
      throw er; // Unhandled 'error' event
      ^

Error: listen EADDRINUSE: address already in use :::8080
    at Server.setupListenHandle [as _listen2] (net.js:1280:14)
    at listenInCluster (net.js:1328:12)
    at Server.listen (net.js:1415:7)
    at Function.listen (/home/apps/applications/gui-server/ysa-mis/node_modules/express/lib/application.js:618:24)
    at Object.<anonymous> (/home/apps/applications/gui-server/ysa-mis/src/server.js:105:18)
    at Module._compile (internal/modules/cjs/loader.js:778:30)
    at Object.Module._extensions..js (internal/modules/cjs/loader.js:789:10)
    at Module.load (internal/modules/cjs/loader.js:653:32)
    at tryModuleLoad (internal/modules/cjs/loader.js:593:12)
    at Function.Module._load (internal/modules/cjs/loader.js:585:3)
Emitted 'error' event at:
    at emitErrorNT (net.js:1307:8)
    at process._tickCallback (internal/process/next_tick.js:63:19)
    at Function.Module.runMain (internal/modules/cjs/loader.js:834:11)
    at startup (internal/bootstrap/node.js:283:19)
    at bootstrapNodeJSCore (internal/bootstrap/node.js:623:3)
npm ERR! code ELIFECYCLE
npm ERR! errno 1
npm ERR! genesis-mis@1.0.0 start: `NODE_ENV=production node ./src/server.js`
npm ERR! Exit status 1
npm ERR! 
npm ERR! Failed at the genesis-mis@1.0.0 start script.
npm ERR! This is probably not a problem with npm. There is likely additional logging output above.

npm ERR! A complete log of this run can be found in:
npm ERR!     /home/apps/.npm/_logs/2022-01-19T14_45_22_418Z-debug.log

> genesis-mis@1.0.0 start /home/apps/applications/gui-server/ysa-mis
> NODE_ENV=production node ./src/server.js

Genesis listening at http://:::8080

> genesis-mis@1.0.0 start /home/apps/applications/gui-server/ysa-mis
> NODE_ENV=production node ./src/server.js

Genesis listening at http://:::8080

> genesis-mis@1.0.0 start /home/apps/applications/gui-server/ysa-mis
> NODE_ENV=production node ./src/server.js

Genesis listening at http://:::8080

> genesis-mis@1.0.0 start /home/apps/applications/gui-server/ysa-mis
> NODE_ENV=production node ./src/server.js

Genesis listening at http://:::8080

> genesis-mis@1.0.0 start /home/apps/applications/gui-server/ysa-mis
> NODE_ENV=production node ./src/server.js

Genesis listening at http://:::8080
