
> genesis-mis@1.0.0 start /home/apps/applications/ysa-mis
> NODE_ENV=production node ./src/server.js

Genesis listening at http://:::8080

> genesis-mis@1.0.0 start /home/apps/applications/ysa-mis
> NODE_ENV=production node ./src/server.js

Genesis listening at http://:::8080

> genesis-mis@1.0.0 start /home/apps/applications/ysa-mis
> NODE_ENV=production node ./src/server.js

Genesis listening at http://:::8080

> genesis-mis@1.0.0 start /home/apps/applications/ysa-mis
> NODE_ENV=production node ./src/server.js

Genesis listening at http://:::8080

> genesis-mis@1.0.0 start /home/apps/applications/ysa-mis
> NODE_ENV=production node ./src/server.js

Genesis listening at http://:::8080

> genesis-mis@1.0.0 start /home/apps/applications/ysa-mis
> NODE_ENV=production node ./src/server.js

events.js:174
      throw er; // Unhandled 'error' event
      ^

Error: listen EADDRINUSE: address already in use :::8080
    at Server.setupListenHandle [as _listen2] (net.js:1280:14)
    at listenInCluster (net.js:1328:12)
    at Server.listen (net.js:1415:7)
    at Function.listen (/home/apps/applications/ysa-mis/node_modules/express/lib/application.js:635:24)
    at Object.<anonymous> (/home/apps/applications/ysa-mis/src/server.js:105:18)
    at Module._compile (internal/modules/cjs/loader.js:778:30)
    at Object.Module._extensions..js (internal/modules/cjs/loader.js:789:10)
    at Module.load (internal/modules/cjs/loader.js:653:32)
    at tryModuleLoad (internal/modules/cjs/loader.js:593:12)
    at Function.Module._load (internal/modules/cjs/loader.js:585:3)
Emitted 'error' event at:
    at emitErrorNT (net.js:1307:8)
    at process._tickCallback (internal/process/next_tick.js:63:19)
    at Function.Module.runMain (internal/modules/cjs/loader.js:834:11)
    at startup (internal/bootstrap/node.js:283:19)
    at bootstrapNodeJSCore (internal/bootstrap/node.js:623:3)
npm ERR! code ELIFECYCLE
npm ERR! errno 1
npm ERR! genesis-mis@1.0.0 start: `NODE_ENV=production node ./src/server.js`
npm ERR! Exit status 1
npm ERR! 
npm ERR! Failed at the genesis-mis@1.0.0 start script.
npm ERR! This is probably not a problem with npm. There is likely additional logging output above.

npm ERR! A complete log of this run can be found in:
npm ERR!     /home/apps/.npm/_logs/2023-03-14T06_55_20_875Z-debug.log

> genesis-mis@1.0.0 start /home/apps/applications/ysa-mis
> NODE_ENV=production node ./src/server.js

Genesis listening at http://:::8080

> genesis-mis@1.0.0 start /home/apps/applications/ysa-mis
> NODE_ENV=production node ./src/server.js

Genesis listening at http://:::8080

> genesis-mis@1.0.0 start /home/apps/applications/ysa-mis
> NODE_ENV=production node ./src/server.js

Genesis listening at http://:::8080

> genesis-mis@1.0.0 start /home/apps/applications/ysa-mis
> NODE_ENV=production node ./src/server.js

Genesis listening at http://:::8080

> genesis-mis@1.0.0 start /home/apps/applications/ysa-mis
> NODE_ENV=production node ./src/server.js

Genesis listening at http://:::8080

> genesis-mis@1.0.0 start /home/apps/applications/ysa-mis
> NODE_ENV=production node ./src/server.js

Genesis listening at http://:::8080

> genesis-mis@1.0.0 start /home/apps/applications/ysa-mis
> NODE_ENV=production node ./src/server.js

Genesis listening at http://:::8080

> genesis-mis@1.0.0 start /home/apps/applications/ysa-mis
> NODE_ENV=production node ./src/server.js

Genesis listening at http://:::8080

> genesis-mis@1.0.0 start /home/apps/applications/ysa-mis
> NODE_ENV=production node ./src/server.js

Genesis listening at http://:::8080

> genesis-mis@1.0.0 start /home/apps/applications/ysa-mis
> NODE_ENV=production node ./src/server.js

Genesis listening at http://:::8080

> genesis-mis@1.0.0 start /home/apps/applications/ysa-mis
> NODE_ENV=production node ./src/server.js

Genesis listening at http://:::8080

> genesis-mis@1.0.0 start /home/apps/applications/ysa-mis
> NODE_ENV=production node ./src/server.js

Genesis listening at http://:::8080

> genesis-mis@1.0.0 start /home/apps/applications/ysa-mis
> NODE_ENV=production node ./src/server.js

Genesis listening at http://:::8080

> genesis-mis@1.0.0 start /home/apps/applications/ysa-mis
> NODE_ENV=production node ./src/server.js

Genesis listening at http://:::8080

> genesis-mis@1.0.0 start /home/apps/applications/ysa-mis
> NODE_ENV=production node ./src/server.js

Genesis listening at http://:::8080

> genesis-mis@1.0.0 start /home/apps/applications/ysa-mis
> NODE_ENV=production node ./src/server.js

Genesis listening at http://:::8080
